Oct  8 16:15:29 cambridge kernel: [    0.000000] Initializing cgroup subsys cpuset
Oct  8 16:15:29 cambridge kernel: [    0.000000] Initializing cgroup subsys cpu
Oct  8 16:15:29 cambridge kernel: [    0.000000] Initializing cgroup subsys cpuacct
Oct  8 16:15:29 cambridge kernel: [    0.000000] Linux version 3.17.0-eudyptula-00001-g78e55e7 (root@cambridge) (gcc version 4.8.1 (Ubuntu/Linaro 4.8.1-10ubuntu9) ) #1 SMP Wed Oct 8 13:43:38 CEST 2014
Oct  8 16:15:29 cambridge kernel: [    0.000000] Command line: BOOT_IMAGE=/boot/vmlinuz-3.17.0-eudyptula-00001-g78e55e7 root=UUID=3122fa95-8cad-4171-9457-2351bce10272 ro quiet splash vt.handoff=7
Oct  8 16:15:29 cambridge kernel: [    0.000000] KERNEL supported cpus:
Oct  8 16:15:29 cambridge kernel: [    0.000000]   Intel GenuineIntel
Oct  8 16:15:29 cambridge kernel: [    0.000000]   AMD AuthenticAMD
Oct  8 16:15:29 cambridge kernel: [    0.000000]   Centaur CentaurHauls
Oct  8 16:15:29 cambridge kernel: [    0.000000] e820: BIOS-provided physical RAM map:
Oct  8 16:15:29 cambridge kernel: [    0.000000] BIOS-e820: [mem 0x0000000000000000-0x000000000009dbff] usable
Oct  8 16:15:29 cambridge kernel: [    0.000000] BIOS-e820: [mem 0x000000000009dc00-0x000000000009ffff] reserved
Oct  8 16:15:29 cambridge kernel: [    0.000000] BIOS-e820: [mem 0x00000000000ce000-0x00000000000cffff] reserved
Oct  8 16:15:29 cambridge kernel: [    0.000000] BIOS-e820: [mem 0x00000000000dc000-0x00000000000dffff] reserved
Oct  8 16:15:29 cambridge kernel: [    0.000000] BIOS-e820: [mem 0x00000000000e4000-0x00000000000fffff] reserved
Oct  8 16:15:29 cambridge kernel: [    0.000000] BIOS-e820: [mem 0x0000000000100000-0x00000000afe8ffff] usable
Oct  8 16:15:29 cambridge kernel: [    0.000000] BIOS-e820: [mem 0x00000000afe90000-0x00000000afe9afff] ACPI data
Oct  8 16:15:29 cambridge kernel: [    0.000000] BIOS-e820: [mem 0x00000000afe9b000-0x00000000afe9cfff] ACPI NVS
Oct  8 16:15:29 cambridge kernel: [    0.000000] BIOS-e820: [mem 0x00000000afe9d000-0x00000000afffffff] reserved
Oct  8 16:15:29 cambridge kernel: [    0.000000] BIOS-e820: [mem 0x00000000e0000000-0x00000000efffffff] reserved
Oct  8 16:15:29 cambridge kernel: [    0.000000] BIOS-e820: [mem 0x00000000fec00000-0x00000000fec0ffff] reserved
Oct  8 16:15:29 cambridge kernel: [    0.000000] BIOS-e820: [mem 0x00000000fee00000-0x00000000fee00fff] reserved
Oct  8 16:15:29 cambridge kernel: [    0.000000] BIOS-e820: [mem 0x00000000fff00000-0x00000000ffffffff] reserved
Oct  8 16:15:29 cambridge kernel: [    0.000000] NX (Execute Disable) protection: active
Oct  8 16:15:29 cambridge kernel: [    0.000000] SMBIOS 2.4 present.
Oct  8 16:15:29 cambridge kernel: [    0.000000] DMI: SAMSUNG ELECTRONICS CO., LTD. R59P/R60P/R61P/R59P/R60P/R61P, BIOS 07YI 03/05/2008
Oct  8 16:15:29 cambridge kernel: [    0.000000] e820: update [mem 0x00000000-0x00000fff] usable ==> reserved
Oct  8 16:15:29 cambridge kernel: [    0.000000] e820: remove [mem 0x000a0000-0x000fffff] usable
Oct  8 16:15:29 cambridge kernel: [    0.000000] AGP: No AGP bridge found
Oct  8 16:15:29 cambridge kernel: [    0.000000] e820: last_pfn = 0xafe90 max_arch_pfn = 0x400000000
Oct  8 16:15:29 cambridge kernel: [    0.000000] MTRR default type: uncachable
Oct  8 16:15:29 cambridge kernel: [    0.000000] MTRR fixed ranges enabled:
Oct  8 16:15:29 cambridge kernel: [    0.000000]   00000-9FFFF write-back
Oct  8 16:15:29 cambridge kernel: [    0.000000]   A0000-BFFFF uncachable
Oct  8 16:15:29 cambridge kernel: [    0.000000]   C0000-CFFFF write-protect
Oct  8 16:15:29 cambridge kernel: [    0.000000]   D0000-DFFFF uncachable
Oct  8 16:15:29 cambridge kernel: [    0.000000]   E0000-FFFFF write-protect
Oct  8 16:15:29 cambridge kernel: [    0.000000] MTRR variable ranges enabled:
Oct  8 16:15:29 cambridge kernel: [    0.000000]   0 base 000000000 mask F80000000 write-back
Oct  8 16:15:29 cambridge kernel: [    0.000000]   1 base 080000000 mask FE0000000 write-back
Oct  8 16:15:29 cambridge kernel: [    0.000000]   2 base 0A0000000 mask FF0000000 write-back
Oct  8 16:15:29 cambridge kernel: [    0.000000]   3 base 0AFF00000 mask FFFF00000 uncachable
Oct  8 16:15:29 cambridge kernel: [    0.000000]   4 disabled
Oct  8 16:15:29 cambridge kernel: [    0.000000]   5 disabled
Oct  8 16:15:29 cambridge kernel: [    0.000000]   6 disabled
Oct  8 16:15:29 cambridge kernel: [    0.000000]   7 disabled
Oct  8 16:15:29 cambridge kernel: [    0.000000] x86 PAT enabled: cpu 0, old 0x7040600070406, new 0x7010600070106
Oct  8 16:15:29 cambridge kernel: [    0.000000] original variable MTRRs
Oct  8 16:15:29 cambridge kernel: [    0.000000] reg 0, base: 0GB, range: 2GB, type WB
Oct  8 16:15:29 cambridge kernel: [    0.000000] reg 1, base: 2GB, range: 512MB, type WB
Oct  8 16:15:29 cambridge kernel: [    0.000000] reg 2, base: 2560MB, range: 256MB, type WB
Oct  8 16:15:29 cambridge kernel: [    0.000000] reg 3, base: 2815MB, range: 1MB, type UC
Oct  8 16:15:29 cambridge kernel: [    0.000000] total RAM covered: 2815M
Oct  8 16:15:29 cambridge kernel: [    0.000000] Found optimal setting for mtrr clean up
Oct  8 16:15:29 cambridge kernel: [    0.000000]  gran_size: 64K 	chunk_size: 2M 	num_reg: 4  	lose cover RAM: 0G
Oct  8 16:15:29 cambridge kernel: [    0.000000] New variable MTRRs
Oct  8 16:15:29 cambridge kernel: [    0.000000] reg 0, base: 0GB, range: 2GB, type WB
Oct  8 16:15:29 cambridge kernel: [    0.000000] reg 1, base: 2GB, range: 512MB, type WB
Oct  8 16:15:29 cambridge kernel: [    0.000000] reg 2, base: 2560MB, range: 256MB, type WB
Oct  8 16:15:29 cambridge kernel: [    0.000000] reg 3, base: 2815MB, range: 1MB, type UC
Oct  8 16:15:29 cambridge kernel: [    0.000000] found SMP MP-table at [mem 0x000f73c0-0x000f73cf] mapped at [ffff8800000f73c0]
Oct  8 16:15:29 cambridge kernel: [    0.000000] Scanning 1 areas for low memory corruption
Oct  8 16:15:29 cambridge kernel: [    0.000000] Base memory trampoline at [ffff880000097000] 97000 size 24576
Oct  8 16:15:29 cambridge kernel: [    0.000000] init_memory_mapping: [mem 0x00000000-0x000fffff]
Oct  8 16:15:29 cambridge kernel: [    0.000000]  [mem 0x00000000-0x000fffff] page 4k
Oct  8 16:15:29 cambridge kernel: [    0.000000] BRK [0x01fc5000, 0x01fc5fff] PGTABLE
Oct  8 16:15:29 cambridge kernel: [    0.000000] BRK [0x01fc6000, 0x01fc6fff] PGTABLE
Oct  8 16:15:29 cambridge kernel: [    0.000000] BRK [0x01fc7000, 0x01fc7fff] PGTABLE
Oct  8 16:15:29 cambridge kernel: [    0.000000] init_memory_mapping: [mem 0xafc00000-0xafdfffff]
Oct  8 16:15:29 cambridge kernel: [    0.000000]  [mem 0xafc00000-0xafdfffff] page 2M
Oct  8 16:15:29 cambridge kernel: [    0.000000] BRK [0x01fc8000, 0x01fc8fff] PGTABLE
Oct  8 16:15:29 cambridge kernel: [    0.000000] init_memory_mapping: [mem 0xac000000-0xafbfffff]
Oct  8 16:15:29 cambridge kernel: [    0.000000]  [mem 0xac000000-0xafbfffff] page 2M
Oct  8 16:15:29 cambridge kernel: [    0.000000] init_memory_mapping: [mem 0x80000000-0xabffffff]
Oct  8 16:15:29 cambridge kernel: [    0.000000]  [mem 0x80000000-0xabffffff] page 2M
Oct  8 16:15:29 cambridge kernel: [    0.000000] init_memory_mapping: [mem 0x00100000-0x7fffffff]
Oct  8 16:15:29 cambridge kernel: [    0.000000]  [mem 0x00100000-0x001fffff] page 4k
Oct  8 16:15:29 cambridge kernel: [    0.000000]  [mem 0x00200000-0x7fffffff] page 2M
Oct  8 16:15:29 cambridge kernel: [    0.000000] init_memory_mapping: [mem 0xafe00000-0xafe8ffff]
Oct  8 16:15:29 cambridge kernel: [    0.000000]  [mem 0xafe00000-0xafe8ffff] page 4k
Oct  8 16:15:29 cambridge kernel: [    0.000000] BRK [0x01fc9000, 0x01fc9fff] PGTABLE
Oct  8 16:15:29 cambridge kernel: [    0.000000] RAMDISK: [mem 0x378fe000-0x37c76fff]
Oct  8 16:15:29 cambridge kernel: [    0.000000] ACPI: Early table checksum verification disabled
Oct  8 16:15:29 cambridge kernel: [    0.000000] ACPI: RSDP 0x00000000000F7310 000024 (v02 PTLTD )
Oct  8 16:15:29 cambridge kernel: [    0.000000] ACPI: XSDT 0x00000000AFE909F4 000064 (v01 SECCSD LH43STAR 06040000  LTP 00000000)
Oct  8 16:15:29 cambridge kernel: [    0.000000] ACPI: FACP 0x00000000AFE9ACCE 0000F4 (v03 SEC    PRAHA    06040000 SEC  000F4240)
Oct  8 16:15:29 cambridge kernel: [    0.000000] ACPI: DSDT 0x00000000AFE945E8 006672 (v01 ATI    SB600    06040000 INTL 20050228)
Oct  8 16:15:29 cambridge kernel: [    0.000000] ACPI: FACS 0x00000000AFE9CFC0 000040
Oct  8 16:15:29 cambridge kernel: [    0.000000] ACPI: APIC 0x00000000AFE9ADC2 000054 (v01 PTLTD  ? APIC   06040000  LTP 00000000)
Oct  8 16:15:29 cambridge kernel: [    0.000000] ACPI: MCFG 0x00000000AFE9AE16 00003C (v01 PTLTD    MCFG   06040000  LTP 00000000)
Oct  8 16:15:29 cambridge kernel: [    0.000000] ACPI: HPET 0x00000000AFE9AE52 000038 (v01 PTLTD  HPETTBL  06040000  LTP 00000001)
Oct  8 16:15:29 cambridge kernel: [    0.000000] ACPI: SLIC 0x00000000AFE9AE8A 000176 (v01 SECCSD LH43STAR 06040000  LTP 00000000)
Oct  8 16:15:29 cambridge kernel: [    0.000000] ACPI: SSDT 0x00000000AFE91F03 00025F (v01 PmRef  Cpu0Tst  00003000 INTL 20050228)
Oct  8 16:15:29 cambridge kernel: [    0.000000] ACPI: SSDT 0x00000000AFE91E5D 0000A6 (v01 PmRef  Cpu1Tst  00003000 INTL 20050228)
Oct  8 16:15:29 cambridge kernel: [    0.000000] ACPI: SSDT 0x00000000AFE90A58 001405 (v01 PmRef  CpuPm    00003000 INTL 20050228)
Oct  8 16:15:29 cambridge kernel: [    0.000000] ACPI: Local APIC address 0xfee00000
Oct  8 16:15:29 cambridge kernel: [    0.000000] No NUMA configuration found
Oct  8 16:15:29 cambridge kernel: [    0.000000] Faking a node at [mem 0x0000000000000000-0x00000000afe8ffff]
Oct  8 16:15:29 cambridge kernel: [    0.000000] Initmem setup node 0 [mem 0x00000000-0xafe8ffff]
Oct  8 16:15:29 cambridge kernel: [    0.000000]   NODE_DATA [mem 0xafe8c000-0xafe8ffff]
Oct  8 16:15:29 cambridge kernel: [    0.000000]  [ffffea0000000000-ffffea0002bfffff] PMD -> [ffff8800ac800000-ffff8800af3fffff] on node 0
Oct  8 16:15:29 cambridge kernel: [    0.000000] Zone ranges:
Oct  8 16:15:29 cambridge kernel: [    0.000000]   DMA      [mem 0x00001000-0x00ffffff]
Oct  8 16:15:29 cambridge kernel: [    0.000000]   DMA32    [mem 0x01000000-0xffffffff]
Oct  8 16:15:29 cambridge kernel: [    0.000000]   Normal   empty
Oct  8 16:15:29 cambridge kernel: [    0.000000] Movable zone start for each node
Oct  8 16:15:29 cambridge kernel: [    0.000000] Early memory node ranges
Oct  8 16:15:29 cambridge kernel: [    0.000000]   node   0: [mem 0x00001000-0x0009cfff]
Oct  8 16:15:29 cambridge kernel: [    0.000000]   node   0: [mem 0x00100000-0xafe8ffff]
Oct  8 16:15:29 cambridge kernel: [    0.000000] On node 0 totalpages: 720428
Oct  8 16:15:29 cambridge kernel: [    0.000000]   DMA zone: 64 pages used for memmap
Oct  8 16:15:29 cambridge kernel: [    0.000000]   DMA zone: 21 pages reserved
Oct  8 16:15:29 cambridge kernel: [    0.000000]   DMA zone: 3996 pages, LIFO batch:0
Oct  8 16:15:29 cambridge kernel: [    0.000000]   DMA32 zone: 11195 pages used for memmap
Oct  8 16:15:29 cambridge kernel: [    0.000000]   DMA32 zone: 716432 pages, LIFO batch:31
Oct  8 16:15:29 cambridge kernel: [    0.000000] ACPI: PM-Timer IO Port: 0x8008
Oct  8 16:15:29 cambridge kernel: [    0.000000] ACPI: Local APIC address 0xfee00000
Oct  8 16:15:29 cambridge kernel: [    0.000000] ACPI: LAPIC (acpi_id[0x00] lapic_id[0x00] enabled)
Oct  8 16:15:29 cambridge kernel: [    0.000000] ACPI: LAPIC (acpi_id[0x01] lapic_id[0x01] enabled)
Oct  8 16:15:29 cambridge kernel: [    0.000000] ACPI: LAPIC_NMI (acpi_id[0x00] high edge lint[0x1])
Oct  8 16:15:29 cambridge kernel: [    0.000000] ACPI: LAPIC_NMI (acpi_id[0x01] high edge lint[0x1])
Oct  8 16:15:29 cambridge kernel: [    0.000000] ACPI: IOAPIC (id[0x02] address[0xfec00000] gsi_base[0])
Oct  8 16:15:29 cambridge kernel: [    0.000000] IOAPIC[0]: apic_id 2, version 33, address 0xfec00000, GSI 0-23
Oct  8 16:15:29 cambridge kernel: [    0.000000] ACPI: IRQ9 used by override.
Oct  8 16:15:29 cambridge kernel: [    0.000000] Using ACPI (MADT) for SMP configuration information
Oct  8 16:15:29 cambridge kernel: [    0.000000] ACPI: HPET id: 0x43538301 base: 0xfed00000
Oct  8 16:15:29 cambridge kernel: [    0.000000] smpboot: Allowing 2 CPUs, 0 hotplug CPUs
Oct  8 16:15:29 cambridge kernel: [    0.000000] PM: Registered nosave memory: [mem 0x0009d000-0x0009dfff]
Oct  8 16:15:29 cambridge kernel: [    0.000000] PM: Registered nosave memory: [mem 0x0009e000-0x0009ffff]
Oct  8 16:15:29 cambridge kernel: [    0.000000] PM: Registered nosave memory: [mem 0x000a0000-0x000cdfff]
Oct  8 16:15:29 cambridge kernel: [    0.000000] PM: Registered nosave memory: [mem 0x000ce000-0x000cffff]
Oct  8 16:15:29 cambridge kernel: [    0.000000] PM: Registered nosave memory: [mem 0x000d0000-0x000dbfff]
Oct  8 16:15:29 cambridge kernel: [    0.000000] PM: Registered nosave memory: [mem 0x000dc000-0x000dffff]
Oct  8 16:15:29 cambridge kernel: [    0.000000] PM: Registered nosave memory: [mem 0x000e0000-0x000e3fff]
Oct  8 16:15:29 cambridge kernel: [    0.000000] PM: Registered nosave memory: [mem 0x000e4000-0x000fffff]
Oct  8 16:15:29 cambridge kernel: [    0.000000] e820: [mem 0xb0000000-0xdfffffff] available for PCI devices
Oct  8 16:15:29 cambridge kernel: [    0.000000] Booting paravirtualized kernel on bare hardware
Oct  8 16:15:29 cambridge kernel: [    0.000000] setup_percpu: NR_CPUS:256 nr_cpumask_bits:256 nr_cpu_ids:2 nr_node_ids:1
Oct  8 16:15:29 cambridge kernel: [    0.000000] PERCPU: Embedded 29 pages/cpu @ffff8800afa00000 s86656 r8192 d23936 u1048576
Oct  8 16:15:29 cambridge kernel: [    0.000000] pcpu-alloc: s86656 r8192 d23936 u1048576 alloc=1*2097152
Oct  8 16:15:29 cambridge kernel: [    0.000000] pcpu-alloc: [0] 0 1 
Oct  8 16:15:29 cambridge kernel: [    0.000000] Built 1 zonelists in Node order, mobility grouping on.  Total pages: 709148
Oct  8 16:15:29 cambridge kernel: [    0.000000] Policy zone: DMA32
Oct  8 16:15:29 cambridge kernel: [    0.000000] Kernel command line: BOOT_IMAGE=/boot/vmlinuz-3.17.0-eudyptula-00001-g78e55e7 root=UUID=3122fa95-8cad-4171-9457-2351bce10272 ro quiet splash vt.handoff=7
Oct  8 16:15:29 cambridge kernel: [    0.000000] PID hash table entries: 4096 (order: 3, 32768 bytes)
Oct  8 16:15:29 cambridge kernel: [    0.000000] AGP: Checking aperture...
Oct  8 16:15:29 cambridge kernel: [    0.000000] AGP: No AGP bridge found
Oct  8 16:15:29 cambridge kernel: [    0.000000] Calgary: detecting Calgary via BIOS EBDA area
Oct  8 16:15:29 cambridge kernel: [    0.000000] Calgary: Unable to locate Rio Grande table in EBDA - bailing!
Oct  8 16:15:29 cambridge kernel: [    0.000000] Memory: 2816344K/2881712K available (7432K kernel code, 1171K rwdata, 3516K rodata, 1348K init, 1300K bss, 65368K reserved)
Oct  8 16:15:29 cambridge kernel: [    0.000000] SLUB: HWalign=64, Order=0-3, MinObjects=0, CPUs=2, Nodes=1
Oct  8 16:15:29 cambridge kernel: [    0.000000] Hierarchical RCU implementation.
Oct  8 16:15:29 cambridge kernel: [    0.000000] 	RCU dyntick-idle grace-period acceleration is enabled.
Oct  8 16:15:29 cambridge kernel: [    0.000000] 	RCU restricting CPUs from NR_CPUS=256 to nr_cpu_ids=2.
Oct  8 16:15:29 cambridge kernel: [    0.000000] 	Offload RCU callbacks from all CPUs
Oct  8 16:15:29 cambridge kernel: [    0.000000] 	Offload RCU callbacks from CPUs: 0-1.
Oct  8 16:15:29 cambridge kernel: [    0.000000] RCU: Adjusting geometry for rcu_fanout_leaf=16, nr_cpu_ids=2
Oct  8 16:15:29 cambridge kernel: [    0.000000] NR_IRQS:16640 nr_irqs:440 0
Oct  8 16:15:29 cambridge kernel: [    0.000000] Console: colour dummy device 80x25
Oct  8 16:15:29 cambridge kernel: [    0.000000] console [tty0] enabled
Oct  8 16:15:29 cambridge kernel: [    0.000000] allocated 11534336 bytes of page_cgroup
Oct  8 16:15:29 cambridge kernel: [    0.000000] please try 'cgroup_disable=memory' option if you don't want memory cgroups
Oct  8 16:15:29 cambridge kernel: [    0.000000] hpet clockevent registered
Oct  8 16:15:29 cambridge kernel: [    0.000000] tsc: Fast TSC calibration using PIT
Oct  8 16:15:29 cambridge kernel: [    0.000000] tsc: Detected 1994.953 MHz processor
Oct  8 16:15:29 cambridge kernel: [    0.008024] Calibrating delay loop (skipped), value calculated using timer frequency.. 3989.90 BogoMIPS (lpj=7979812)
Oct  8 16:15:29 cambridge kernel: [    0.008032] pid_max: default: 32768 minimum: 301
Oct  8 16:15:29 cambridge kernel: [    0.008055] ACPI: Core revision 20140724
Oct  8 16:15:29 cambridge kernel: [    0.020863] ACPI: All ACPI Tables successfully acquired
Oct  8 16:15:29 cambridge kernel: [    0.024073] Security Framework initialized
Oct  8 16:15:29 cambridge kernel: [    0.024108] AppArmor: AppArmor initialized
Oct  8 16:15:29 cambridge kernel: [    0.024111] Yama: becoming mindful.
Oct  8 16:15:29 cambridge kernel: [    0.028325] Dentry cache hash table entries: 524288 (order: 10, 4194304 bytes)
Oct  8 16:15:29 cambridge kernel: [    0.032054] Inode-cache hash table entries: 262144 (order: 9, 2097152 bytes)
Oct  8 16:15:29 cambridge kernel: [    0.033783] Mount-cache hash table entries: 8192 (order: 4, 65536 bytes)
Oct  8 16:15:29 cambridge kernel: [    0.033803] Mountpoint-cache hash table entries: 8192 (order: 4, 65536 bytes)
Oct  8 16:15:29 cambridge kernel: [    0.034441] Initializing cgroup subsys memory
Oct  8 16:15:29 cambridge kernel: [    0.034459] Initializing cgroup subsys devices
Oct  8 16:15:29 cambridge kernel: [    0.034467] Initializing cgroup subsys freezer
Oct  8 16:15:29 cambridge kernel: [    0.034475] Initializing cgroup subsys blkio
Oct  8 16:15:29 cambridge kernel: [    0.034481] Initializing cgroup subsys perf_event
Oct  8 16:15:29 cambridge kernel: [    0.034488] Initializing cgroup subsys hugetlb
Oct  8 16:15:29 cambridge kernel: [    0.034538] CPU: Physical Processor ID: 0
Oct  8 16:15:29 cambridge kernel: [    0.034541] CPU: Processor Core ID: 0
Oct  8 16:15:29 cambridge kernel: [    0.034546] mce: CPU supports 6 MCE banks
Oct  8 16:15:29 cambridge kernel: [    0.034562] CPU0: Thermal monitoring enabled (TM2)
Oct  8 16:15:29 cambridge kernel: [    0.034578] Last level iTLB entries: 4KB 128, 2MB 4, 4MB 4
Oct  8 16:15:29 cambridge kernel: [    0.034578] Last level dTLB entries: 4KB 256, 2MB 0, 4MB 32, 1GB 0
Oct  8 16:15:29 cambridge kernel: [    0.034817] Freeing SMP alternatives memory: 28K (ffffffff81e77000 - ffffffff81e7e000)
Oct  8 16:15:29 cambridge kernel: [    0.038169] ftrace: allocating 28449 entries in 112 pages
Oct  8 16:15:29 cambridge kernel: [    0.056638] ..TIMER: vector=0x30 apic1=0 pin1=0 apic2=-1 pin2=-1
Oct  8 16:15:29 cambridge kernel: [    0.060000] ..MP-BIOS bug: 8254 timer not connected to IO-APIC
Oct  8 16:15:29 cambridge kernel: [    0.060000] ...trying to set up timer (IRQ0) through the 8259A ...
Oct  8 16:15:29 cambridge kernel: [    0.060000] ..... (found apic 0 pin 0) ...
Oct  8 16:15:29 cambridge kernel: [    0.103267] ....... works.
Oct  8 16:15:29 cambridge kernel: [    0.103271] smpboot: CPU0: Intel(R) Core(TM)2 Duo CPU     T5750  @ 2.00GHz (fam: 06, model: 0f, stepping: 0d)
Oct  8 16:15:29 cambridge kernel: [    0.104000] Performance Events: PEBS fmt0+, 4-deep LBR, Core2 events, Intel PMU driver.
Oct  8 16:15:29 cambridge kernel: [    0.104000] perf_event_intel: PEBS disabled due to CPU errata
Oct  8 16:15:29 cambridge kernel: [    0.104000] ... version:                2
Oct  8 16:15:29 cambridge kernel: [    0.104000] ... bit width:              40
Oct  8 16:15:29 cambridge kernel: [    0.104000] ... generic registers:      2
Oct  8 16:15:29 cambridge kernel: [    0.104000] ... value mask:             000000ffffffffff
Oct  8 16:15:29 cambridge kernel: [    0.104000] ... max period:             000000007fffffff
Oct  8 16:15:29 cambridge kernel: [    0.104000] ... fixed-purpose events:   3
Oct  8 16:15:29 cambridge kernel: [    0.104000] ... event mask:             0000000700000003
Oct  8 16:15:29 cambridge kernel: [    0.105576] x86: Booting SMP configuration:
Oct  8 16:15:29 cambridge kernel: [    0.105582] .... node  #0, CPUs:      #1
Oct  8 16:15:29 cambridge kernel: [    0.118698] x86: Booted up 1 node, 2 CPUs
Oct  8 16:15:29 cambridge kernel: [    0.118705] smpboot: Total of 2 processors activated (7979.81 BogoMIPS)
Oct  8 16:15:29 cambridge kernel: [    0.118793] NMI watchdog: enabled on all CPUs, permanently consumes one hw-PMU counter.
Oct  8 16:15:29 cambridge kernel: [    0.120227] devtmpfs: initialized
Oct  8 16:15:29 cambridge kernel: [    0.133459] evm: security.selinux
Oct  8 16:15:29 cambridge kernel: [    0.133463] evm: security.SMACK64
Oct  8 16:15:29 cambridge kernel: [    0.133467] evm: security.capability
Oct  8 16:15:29 cambridge kernel: [    0.136073] PM: Registering ACPI NVS region [mem 0xafe9b000-0xafe9cfff] (8192 bytes)
Oct  8 16:15:29 cambridge kernel: [    0.136349] pinctrl core: initialized pinctrl subsystem
Oct  8 16:15:29 cambridge kernel: [    0.136565] regulator-dummy: no parameters
Oct  8 16:15:29 cambridge kernel: [    0.136631] RTC time: 14:15:18, date: 10/08/14
Oct  8 16:15:29 cambridge kernel: [    0.136814] NET: Registered protocol family 16
Oct  8 16:15:29 cambridge kernel: [    0.137236] cpuidle: using governor ladder
Oct  8 16:15:29 cambridge kernel: [    0.137243] cpuidle: using governor menu
Oct  8 16:15:29 cambridge kernel: [    0.137369] ACPI: bus type PCI registered
Oct  8 16:15:29 cambridge kernel: [    0.137374] acpiphp: ACPI Hot Plug PCI Controller Driver version: 0.5
Oct  8 16:15:29 cambridge kernel: [    0.137538] PCI: MMCONFIG for domain 0000 [bus 00-0c] at [mem 0xe0000000-0xe0cfffff] (base 0xe0000000)
Oct  8 16:15:29 cambridge kernel: [    0.137545] PCI: MMCONFIG at [mem 0xe0000000-0xe0cfffff] reserved in E820
Oct  8 16:15:29 cambridge kernel: [    0.137609] PCI: Using configuration type 1 for base access
Oct  8 16:15:29 cambridge kernel: [    0.144238] ACPI: Added _OSI(Module Device)
Oct  8 16:15:29 cambridge kernel: [    0.144243] ACPI: Added _OSI(Processor Device)
Oct  8 16:15:29 cambridge kernel: [    0.144247] ACPI: Added _OSI(3.0 _SCP Extensions)
Oct  8 16:15:29 cambridge kernel: [    0.144251] ACPI: Added _OSI(Processor Aggregator Device)
Oct  8 16:15:29 cambridge kernel: [    0.154715] [Firmware Bug]: ACPI: BIOS _OSI(Linux) query ignored
Oct  8 16:15:29 cambridge kernel: [    0.160135] ACPI: Dynamic OEM Table Load:
Oct  8 16:15:29 cambridge kernel: [    0.160152] ACPI: SSDT 0xFFFF8800AF413800 0002E6 (v01 PmRef  Cpu0Ist  00003000 INTL 20050228)
Oct  8 16:15:29 cambridge kernel: [    0.161535] ACPI: Dynamic OEM Table Load:
Oct  8 16:15:29 cambridge kernel: [    0.161551] ACPI: SSDT 0xFFFF8800AB57E000 0006ED (v01 PmRef  Cpu0Cst  00003001 INTL 20050228)
Oct  8 16:15:29 cambridge kernel: [    0.162946] ACPI: Dynamic OEM Table Load:
Oct  8 16:15:29 cambridge kernel: [    0.162960] ACPI: SSDT 0xFFFF8800AF413C00 000202 (v01 PmRef  Cpu1Ist  00003000 INTL 20050228)
Oct  8 16:15:29 cambridge kernel: [    0.163767] ACPI: Dynamic OEM Table Load:
Oct  8 16:15:29 cambridge kernel: [    0.163780] ACPI: SSDT 0xFFFF8800AB0410C0 000085 (v01 PmRef  Cpu1Cst  00003000 INTL 20050228)
Oct  8 16:15:29 cambridge kernel: [    0.168065] ACPI: Interpreter enabled
Oct  8 16:15:29 cambridge kernel: [    0.168082] ACPI Exception: AE_NOT_FOUND, While evaluating Sleep State [\_S1_] (20140724/hwxface-580)
Oct  8 16:15:29 cambridge kernel: [    0.168092] ACPI Exception: AE_NOT_FOUND, While evaluating Sleep State [\_S2_] (20140724/hwxface-580)
Oct  8 16:15:29 cambridge kernel: [    0.168124] ACPI: (supports S0 S3 S4 S5)
Oct  8 16:15:29 cambridge kernel: [    0.168129] ACPI: Using IOAPIC for interrupt routing
Oct  8 16:15:29 cambridge kernel: [    0.168263] PCI: Using host bridge windows from ACPI; if necessary, use "pci=nocrs" and report a bug
Oct  8 16:15:29 cambridge kernel: [    0.169115] [Firmware Bug]: ACPI: No _BQC method, cannot determine initial brightness
Oct  8 16:15:29 cambridge kernel: [    0.181298] [Firmware Bug]: ACPI: No _BQC method, cannot determine initial brightness
Oct  8 16:15:29 cambridge kernel: [    0.181779] ACPI: Power Resource [FN00] (off)
Oct  8 16:15:29 cambridge kernel: [    0.182359] ACPI: PCI Root Bridge [PCI0] (domain 0000 [bus 00-ff])
Oct  8 16:15:29 cambridge kernel: [    0.184010] acpi PNP0A08:00: _OSC: OS supports [ExtendedConfig ASPM ClockPM Segments MSI]
Oct  8 16:15:29 cambridge kernel: [    0.184024] acpi PNP0A08:00: _OSC failed (AE_NOT_FOUND); disabling ASPM
Oct  8 16:15:29 cambridge kernel: [    0.185849] acpi PNP0A08:00: [Firmware Info]: MMCONFIG for domain 0000 [bus 00-0c] only partially covers this bridge
Oct  8 16:15:29 cambridge kernel: [    0.186185] PCI host bridge to bus 0000:00
Oct  8 16:15:29 cambridge kernel: [    0.186192] pci_bus 0000:00: root bus resource [bus 00-ff]
Oct  8 16:15:29 cambridge kernel: [    0.186199] pci_bus 0000:00: root bus resource [mem 0x000a0000-0x000bffff]
Oct  8 16:15:29 cambridge kernel: [    0.186204] pci_bus 0000:00: root bus resource [mem 0x000d0000-0x000d3fff]
Oct  8 16:15:29 cambridge kernel: [    0.186209] pci_bus 0000:00: root bus resource [mem 0x000d4000-0x000d7fff]
Oct  8 16:15:29 cambridge kernel: [    0.186214] pci_bus 0000:00: root bus resource [mem 0x000d8000-0x000dbfff]
Oct  8 16:15:29 cambridge kernel: [    0.186219] pci_bus 0000:00: root bus resource [mem 0xb0000000-0xdfffffff]
Oct  8 16:15:29 cambridge kernel: [    0.186224] pci_bus 0000:00: root bus resource [mem 0xf0000000-0xffffffff]
Oct  8 16:15:29 cambridge kernel: [    0.186230] pci_bus 0000:00: root bus resource [io  0x0000-0x0cf7]
Oct  8 16:15:29 cambridge kernel: [    0.186234] pci_bus 0000:00: root bus resource [io  0x0d00-0xffff]
Oct  8 16:15:29 cambridge kernel: [    0.186251] pci 0000:00:00.0: [1002:7930] type 00 class 0x060000
Oct  8 16:15:29 cambridge kernel: [    0.186451] pci 0000:00:01.0: [1002:7932] type 01 class 0x060400
Oct  8 16:15:29 cambridge kernel: [    0.186681] pci 0000:00:05.0: [1002:7935] type 01 class 0x060400
Oct  8 16:15:29 cambridge kernel: [    0.186784] pci 0000:00:05.0: PME# supported from D0 D3hot D3cold
Oct  8 16:15:29 cambridge kernel: [    0.186869] pci 0000:00:05.0: System wakeup disabled by ACPI
Oct  8 16:15:29 cambridge kernel: [    0.186987] pci 0000:00:06.0: [1002:7936] type 01 class 0x060400
Oct  8 16:15:29 cambridge kernel: [    0.187089] pci 0000:00:06.0: PME# supported from D0 D3hot D3cold
Oct  8 16:15:29 cambridge kernel: [    0.187172] pci 0000:00:06.0: System wakeup disabled by ACPI
Oct  8 16:15:29 cambridge kernel: [    0.187285] pci 0000:00:07.0: [1002:7937] type 01 class 0x060400
Oct  8 16:15:29 cambridge kernel: [    0.187380] pci 0000:00:07.0: PME# supported from D0 D3hot D3cold
Oct  8 16:15:29 cambridge kernel: [    0.187466] pci 0000:00:07.0: System wakeup disabled by ACPI
Oct  8 16:15:29 cambridge kernel: [    0.187607] pci 0000:00:12.0: [1002:4380] type 00 class 0x01018f
Oct  8 16:15:29 cambridge kernel: [    0.187641] pci 0000:00:12.0: reg 0x10: [io  0x8438-0x843f]
Oct  8 16:15:29 cambridge kernel: [    0.187660] pci 0000:00:12.0: reg 0x14: [io  0x8444-0x8447]
Oct  8 16:15:29 cambridge kernel: [    0.187679] pci 0000:00:12.0: reg 0x18: [io  0x8430-0x8437]
Oct  8 16:15:29 cambridge kernel: [    0.187698] pci 0000:00:12.0: reg 0x1c: [io  0x8440-0x8443]
Oct  8 16:15:29 cambridge kernel: [    0.187717] pci 0000:00:12.0: reg 0x20: [io  0x8400-0x840f]
Oct  8 16:15:29 cambridge kernel: [    0.187736] pci 0000:00:12.0: reg 0x24: [mem 0xd0509000-0xd05093ff]
Oct  8 16:15:29 cambridge kernel: [    0.187774] pci 0000:00:12.0: set SATA to AHCI mode
Oct  8 16:15:29 cambridge kernel: [    0.187977] pci 0000:00:13.0: [1002:4387] type 00 class 0x0c0310
Oct  8 16:15:29 cambridge kernel: [    0.188013] pci 0000:00:13.0: reg 0x10: [mem 0xd0304000-0xd0304fff]
Oct  8 16:15:29 cambridge kernel: [    0.188184] pci 0000:00:13.0: System wakeup disabled by ACPI
Oct  8 16:15:29 cambridge kernel: [    0.188297] pci 0000:00:13.1: [1002:4388] type 00 class 0x0c0310
Oct  8 16:15:29 cambridge kernel: [    0.188324] pci 0000:00:13.1: reg 0x10: [mem 0xd0305000-0xd0305fff]
Oct  8 16:15:29 cambridge kernel: [    0.188580] pci 0000:00:13.2: [1002:4389] type 00 class 0x0c0310
Oct  8 16:15:29 cambridge kernel: [    0.188607] pci 0000:00:13.2: reg 0x10: [mem 0xd0306000-0xd0306fff]
Oct  8 16:15:29 cambridge kernel: [    0.188860] pci 0000:00:13.3: [1002:438a] type 00 class 0x0c0310
Oct  8 16:15:29 cambridge kernel: [    0.188886] pci 0000:00:13.3: reg 0x10: [mem 0xd0307000-0xd0307fff]
Oct  8 16:15:29 cambridge kernel: [    0.189138] pci 0000:00:13.4: [1002:438b] type 00 class 0x0c0310
Oct  8 16:15:29 cambridge kernel: [    0.189165] pci 0000:00:13.4: reg 0x10: [mem 0xd0308000-0xd0308fff]
Oct  8 16:15:29 cambridge kernel: [    0.189331] pci 0000:00:13.4: System wakeup disabled by ACPI
Oct  8 16:15:29 cambridge kernel: [    0.189454] pci 0000:00:13.5: [1002:4386] type 00 class 0x0c0320
Oct  8 16:15:29 cambridge kernel: [    0.189490] pci 0000:00:13.5: reg 0x10: [mem 0xd0509400-0xd05094ff]
Oct  8 16:15:29 cambridge kernel: [    0.189639] pci 0000:00:13.5: supports D1 D2
Oct  8 16:15:29 cambridge kernel: [    0.189644] pci 0000:00:13.5: PME# supported from D0 D1 D2 D3hot
Oct  8 16:15:29 cambridge kernel: [    0.189726] pci 0000:00:13.5: System wakeup disabled by ACPI
Oct  8 16:15:29 cambridge kernel: [    0.189847] pci 0000:00:14.0: [1002:4385] type 00 class 0x0c0500
Oct  8 16:15:29 cambridge kernel: [    0.189879] pci 0000:00:14.0: reg 0x10: [io  0x8410-0x841f]
Oct  8 16:15:29 cambridge kernel: [    0.190131] pci 0000:00:14.1: [1002:438c] type 00 class 0x01018a
Oct  8 16:15:29 cambridge kernel: [    0.190157] pci 0000:00:14.1: reg 0x10: [io  0x01f0-0x01f7]
Oct  8 16:15:29 cambridge kernel: [    0.190176] pci 0000:00:14.1: reg 0x14: [io  0x03f4-0x03f7]
Oct  8 16:15:29 cambridge kernel: [    0.190195] pci 0000:00:14.1: reg 0x18: [io  0x0000-0x0007]
Oct  8 16:15:29 cambridge kernel: [    0.190213] pci 0000:00:14.1: reg 0x1c: [io  0x0000-0x0003]
Oct  8 16:15:29 cambridge kernel: [    0.190232] pci 0000:00:14.1: reg 0x20: [io  0x8420-0x842f]
Oct  8 16:15:29 cambridge kernel: [    0.190270] pci 0000:00:14.1: legacy IDE quirk: reg 0x10: [io  0x01f0-0x01f7]
Oct  8 16:15:29 cambridge kernel: [    0.190275] pci 0000:00:14.1: legacy IDE quirk: reg 0x14: [io  0x03f6]
Oct  8 16:15:29 cambridge kernel: [    0.190280] pci 0000:00:14.1: legacy IDE quirk: reg 0x18: [io  0x0170-0x0177]
Oct  8 16:15:29 cambridge kernel: [    0.190284] pci 0000:00:14.1: legacy IDE quirk: reg 0x1c: [io  0x0376]
Oct  8 16:15:29 cambridge kernel: [    0.190458] pci 0000:00:14.2: [1002:4383] type 00 class 0x040300
Oct  8 16:15:29 cambridge kernel: [    0.190498] pci 0000:00:14.2: reg 0x10: [mem 0xd0300000-0xd0303fff 64bit]
Oct  8 16:15:29 cambridge kernel: [    0.190619] pci 0000:00:14.2: PME# supported from D0 D3hot D3cold
Oct  8 16:15:29 cambridge kernel: [    0.190697] pci 0000:00:14.2: System wakeup disabled by ACPI
Oct  8 16:15:29 cambridge kernel: [    0.190810] pci 0000:00:14.3: [1002:438d] type 00 class 0x060100
Oct  8 16:15:29 cambridge kernel: [    0.191083] pci 0000:00:14.4: [1002:4384] type 01 class 0x060401
Oct  8 16:15:29 cambridge kernel: [    0.191435] pci 0000:01:05.0: [1002:7942] type 00 class 0x030000
Oct  8 16:15:29 cambridge kernel: [    0.191463] pci 0000:01:05.0: reg 0x10: [mem 0xc0000000-0xcfffffff 64bit pref]
Oct  8 16:15:29 cambridge kernel: [    0.191482] pci 0000:01:05.0: reg 0x18: [mem 0xd0000000-0xd000ffff 64bit]
Oct  8 16:15:29 cambridge kernel: [    0.191495] pci 0000:01:05.0: reg 0x20: [io  0x9000-0x90ff]
Oct  8 16:15:29 cambridge kernel: [    0.191553] pci 0000:01:05.0: supports D1 D2
Oct  8 16:15:29 cambridge kernel: [    0.191695] pci 0000:00:01.0: PCI bridge to [bus 01]
Oct  8 16:15:29 cambridge kernel: [    0.191705] pci 0000:00:01.0:   bridge window [io  0x9000-0x9fff]
Oct  8 16:15:29 cambridge kernel: [    0.191713] pci 0000:00:01.0:   bridge window [mem 0xd0000000-0xd00fffff]
Oct  8 16:15:29 cambridge kernel: [    0.191723] pci 0000:00:01.0:   bridge window [mem 0xc0000000-0xcfffffff 64bit pref]
Oct  8 16:15:29 cambridge kernel: [    0.191856] pci 0000:02:00.0: [168c:001c] type 00 class 0x020000
Oct  8 16:15:29 cambridge kernel: [    0.191891] pci 0000:02:00.0: reg 0x10: [mem 0xd0100000-0xd010ffff 64bit]
Oct  8 16:15:29 cambridge kernel: [    0.192062] pci 0000:02:00.0: PME# supported from D3hot
Oct  8 16:15:29 cambridge kernel: [    0.192198] pci 0000:02:00.0: disabling ASPM on pre-1.1 PCIe device.  You can enable it with 'pcie_aspm=force'
Oct  8 16:15:29 cambridge kernel: [    0.192215] pci 0000:00:05.0: PCI bridge to [bus 02-04]
Oct  8 16:15:29 cambridge kernel: [    0.192227] pci 0000:00:05.0:   bridge window [mem 0xd0100000-0xd01fffff]
Oct  8 16:15:29 cambridge kernel: [    0.192367] pci 0000:05:00.0: [11ab:4353] type 00 class 0x020000
Oct  8 16:15:29 cambridge kernel: [    0.192402] pci 0000:05:00.0: reg 0x10: [mem 0xd0200000-0xd0203fff 64bit]
Oct  8 16:15:29 cambridge kernel: [    0.192421] pci 0000:05:00.0: reg 0x18: [io  0xa000-0xa0ff]
Oct  8 16:15:29 cambridge kernel: [    0.192568] pci 0000:05:00.0: supports D1 D2
Oct  8 16:15:29 cambridge kernel: [    0.192573] pci 0000:05:00.0: PME# supported from D0 D1 D2 D3hot D3cold
Oct  8 16:15:29 cambridge kernel: [    0.192694] pci 0000:05:00.0: disabling ASPM on pre-1.1 PCIe device.  You can enable it with 'pcie_aspm=force'
Oct  8 16:15:29 cambridge kernel: [    0.192709] pci 0000:00:06.0: PCI bridge to [bus 05-07]
Oct  8 16:15:29 cambridge kernel: [    0.192719] pci 0000:00:06.0:   bridge window [io  0xa000-0xafff]
Oct  8 16:15:29 cambridge kernel: [    0.192727] pci 0000:00:06.0:   bridge window [mem 0xd0200000-0xd02fffff]
Oct  8 16:15:29 cambridge kernel: [    0.192906] acpiphp: Slot [1] registered
Oct  8 16:15:29 cambridge kernel: [    0.192918] pci 0000:00:07.0: PCI bridge to [bus 08-0a]
Oct  8 16:15:29 cambridge kernel: [    0.192928] pci 0000:00:07.0:   bridge window [io  0x0000-0x0fff]
Oct  8 16:15:29 cambridge kernel: [    0.192935] pci 0000:00:07.0:   bridge window [mem 0x00000000-0x000fffff]
Oct  8 16:15:29 cambridge kernel: [    0.193105] pci 0000:00:14.4: PCI bridge to [bus 0b-0d] (subtractive decode)
Oct  8 16:15:29 cambridge kernel: [    0.193123] pci 0000:00:14.4:   bridge window [mem 0x000a0000-0x000bffff] (subtractive decode)
Oct  8 16:15:29 cambridge kernel: [    0.193128] pci 0000:00:14.4:   bridge window [mem 0x000d0000-0x000d3fff] (subtractive decode)
Oct  8 16:15:29 cambridge kernel: [    0.193133] pci 0000:00:14.4:   bridge window [mem 0x000d4000-0x000d7fff] (subtractive decode)
Oct  8 16:15:29 cambridge kernel: [    0.193138] pci 0000:00:14.4:   bridge window [mem 0x000d8000-0x000dbfff] (subtractive decode)
Oct  8 16:15:29 cambridge kernel: [    0.193143] pci 0000:00:14.4:   bridge window [mem 0xb0000000-0xdfffffff] (subtractive decode)
Oct  8 16:15:29 cambridge kernel: [    0.193149] pci 0000:00:14.4:   bridge window [mem 0xf0000000-0xffffffff] (subtractive decode)
Oct  8 16:15:29 cambridge kernel: [    0.193154] pci 0000:00:14.4:   bridge window [io  0x0000-0x0cf7] (subtractive decode)
Oct  8 16:15:29 cambridge kernel: [    0.193159] pci 0000:00:14.4:   bridge window [io  0x0d00-0xffff] (subtractive decode)
Oct  8 16:15:29 cambridge kernel: [    0.193789] ACPI: PCI Interrupt Link [LNKA] (IRQs 11) *0, disabled.
Oct  8 16:15:29 cambridge kernel: [    0.193909] ACPI: PCI Interrupt Link [LNKB] (IRQs 10) *0, disabled.
Oct  8 16:15:29 cambridge kernel: [    0.194025] ACPI: PCI Interrupt Link [LNKC] (IRQs 5) *0, disabled.
Oct  8 16:15:29 cambridge kernel: [    0.194140] ACPI: PCI Interrupt Link [LNKD] (IRQs 5) *0, disabled.
Oct  8 16:15:29 cambridge kernel: [    0.194255] ACPI: PCI Interrupt Link [LNKE] (IRQs 11) *0, disabled.
Oct  8 16:15:29 cambridge kernel: [    0.194370] ACPI: PCI Interrupt Link [LNKF] (IRQs 10) *0, disabled.
Oct  8 16:15:29 cambridge kernel: [    0.194485] ACPI: PCI Interrupt Link [LNKG] (IRQs 11) *0, disabled.
Oct  8 16:15:29 cambridge kernel: [    0.194600] ACPI: PCI Interrupt Link [LNKH] (IRQs 5) *0, disabled.
Oct  8 16:15:29 cambridge kernel: [    0.195835] ACPI: Enabled 2 GPEs in block 00 to 1F
Oct  8 16:15:29 cambridge kernel: [    0.195985] ACPI : EC: GPE = 0x3, I/O: command/status = 0x66, data = 0x62
Oct  8 16:15:29 cambridge kernel: [    0.196005] ACPI : EC: 0 stale EC events cleared
Oct  8 16:15:29 cambridge kernel: [    0.196269] vgaarb: setting as boot device: PCI:0000:01:05.0
Oct  8 16:15:29 cambridge kernel: [    0.196269] vgaarb: device added: PCI:0000:01:05.0,decodes=io+mem,owns=io+mem,locks=none
Oct  8 16:15:29 cambridge kernel: [    0.196269] vgaarb: loaded
Oct  8 16:15:29 cambridge kernel: [    0.196269] vgaarb: bridge control possible 0000:01:05.0
Oct  8 16:15:29 cambridge kernel: [    0.196724] SCSI subsystem initialized
Oct  8 16:15:29 cambridge kernel: [    0.196802] libata version 3.00 loaded.
Oct  8 16:15:29 cambridge kernel: [    0.196802] ACPI: bus type USB registered
Oct  8 16:15:29 cambridge kernel: [    0.196802] usbcore: registered new interface driver usbfs
Oct  8 16:15:29 cambridge kernel: [    0.196802] usbcore: registered new interface driver hub
Oct  8 16:15:29 cambridge kernel: [    0.196802] usbcore: registered new device driver usb
Oct  8 16:15:29 cambridge kernel: [    0.196802] PCI: Using ACPI for IRQ routing
Oct  8 16:15:29 cambridge kernel: [    0.196802] PCI: pci_cache_line_size set to 64 bytes
Oct  8 16:15:29 cambridge kernel: [    0.196802] e820: reserve RAM buffer [mem 0x0009dc00-0x0009ffff]
Oct  8 16:15:29 cambridge kernel: [    0.196802] e820: reserve RAM buffer [mem 0xafe90000-0xafffffff]
Oct  8 16:15:29 cambridge kernel: [    0.196811] NetLabel: Initializing
Oct  8 16:15:29 cambridge kernel: [    0.196815] NetLabel:  domain hash size = 128
Oct  8 16:15:29 cambridge kernel: [    0.196818] NetLabel:  protocols = UNLABELED CIPSOv4
Oct  8 16:15:29 cambridge kernel: [    0.196853] NetLabel:  unlabeled traffic allowed by default
Oct  8 16:15:29 cambridge kernel: [    0.196889] hpet0: at MMIO 0xfed00000, IRQs 2, 8, 0, 0
Oct  8 16:15:29 cambridge kernel: [    0.196889] hpet0: 4 comparators, 32-bit 14.318180 MHz counter
Oct  8 16:15:29 cambridge kernel: [    0.200006] Switched to clocksource hpet
Oct  8 16:15:29 cambridge kernel: [    0.219825] AppArmor: AppArmor Filesystem Enabled
Oct  8 16:15:29 cambridge kernel: [    0.219917] pnp: PnP ACPI init
Oct  8 16:15:29 cambridge kernel: [    0.220742] system 00:00: [mem 0xfec00000-0xfec00fff] could not be reserved
Oct  8 16:15:29 cambridge kernel: [    0.220750] system 00:00: [mem 0xfee00000-0xfee00fff] has been reserved
Oct  8 16:15:29 cambridge kernel: [    0.220760] system 00:00: Plug and Play ACPI device, IDs PNP0c02 (active)
Oct  8 16:15:29 cambridge kernel: [    0.221630] pnp 00:01: Plug and Play ACPI device, IDs PNP0b00 (active)
Oct  8 16:15:29 cambridge kernel: [    0.221729] pnp 00:02: Plug and Play ACPI device, IDs PNP0303 (active)
Oct  8 16:15:29 cambridge kernel: [    0.221812] pnp 00:03: Plug and Play ACPI device, IDs PNP0f13 (active)
Oct  8 16:15:29 cambridge kernel: [    0.221980] system 00:04: [io  0x1080] has been reserved
Oct  8 16:15:29 cambridge kernel: [    0.221988] system 00:04: [io  0x0220-0x022f] has been reserved
Oct  8 16:15:29 cambridge kernel: [    0.221994] system 00:04: [io  0x040b] has been reserved
Oct  8 16:15:29 cambridge kernel: [    0.222000] system 00:04: [io  0x04d0-0x04d1] has been reserved
Oct  8 16:15:29 cambridge kernel: [    0.222006] system 00:04: [io  0x04d6] has been reserved
Oct  8 16:15:29 cambridge kernel: [    0.222011] system 00:04: [io  0x0530-0x0537] has been reserved
Oct  8 16:15:29 cambridge kernel: [    0.222017] system 00:04: [io  0x0c00-0x0c01] has been reserved
Oct  8 16:15:29 cambridge kernel: [    0.222023] system 00:04: [io  0x0c14] has been reserved
Oct  8 16:15:29 cambridge kernel: [    0.222029] system 00:04: [io  0x0c50-0x0c52] has been reserved
Oct  8 16:15:29 cambridge kernel: [    0.222034] system 00:04: [io  0x0c6c] has been reserved
Oct  8 16:15:29 cambridge kernel: [    0.222040] system 00:04: [io  0x0c6f] has been reserved
Oct  8 16:15:29 cambridge kernel: [    0.222046] system 00:04: [io  0x0cd0-0x0cd1] has been reserved
Oct  8 16:15:29 cambridge kernel: [    0.222051] system 00:04: [io  0x0cd2-0x0cd3] has been reserved
Oct  8 16:15:29 cambridge kernel: [    0.222057] system 00:04: [io  0x0cd4-0x0cd5] has been reserved
Oct  8 16:15:29 cambridge kernel: [    0.222062] system 00:04: [io  0x0cd6-0x0cd7] has been reserved
Oct  8 16:15:29 cambridge kernel: [    0.222068] system 00:04: [io  0x0cd8-0x0cdf] has been reserved
Oct  8 16:15:29 cambridge kernel: [    0.222074] system 00:04: [io  0x8000-0x805f] could not be reserved
Oct  8 16:15:29 cambridge kernel: [    0.222080] system 00:04: [io  0x8100-0x81ff window] has been reserved
Oct  8 16:15:29 cambridge kernel: [    0.222086] system 00:04: [io  0x8210-0x821f] has been reserved
Oct  8 16:15:29 cambridge kernel: [    0.222091] system 00:04: [io  0x0f40-0x0f47] has been reserved
Oct  8 16:15:29 cambridge kernel: [    0.222097] system 00:04: [io  0x0280-0x0293] has been reserved
Oct  8 16:15:29 cambridge kernel: [    0.222102] system 00:04: [io  0x087f] has been reserved
Oct  8 16:15:29 cambridge kernel: [    0.222110] system 00:04: Plug and Play ACPI device, IDs PNP0c02 (active)
Oct  8 16:15:29 cambridge kernel: [    0.222306] system 00:05: [mem 0x000e0000-0x000fffff] could not be reserved
Oct  8 16:15:29 cambridge kernel: [    0.222313] system 00:05: [mem 0xffb83020-0xffb8401f] has been reserved
Oct  8 16:15:29 cambridge kernel: [    0.222319] system 00:05: [mem 0xfff00000-0xffffffff] has been reserved
Oct  8 16:15:29 cambridge kernel: [    0.222327] system 00:05: Plug and Play ACPI device, IDs PNP0c01 (active)
Oct  8 16:15:29 cambridge kernel: [    0.222510] pnp: PnP ACPI: found 6 devices
Oct  8 16:15:29 cambridge kernel: [    0.233117] pci 0000:00:01.0: PCI bridge to [bus 01]
Oct  8 16:15:29 cambridge kernel: [    0.233128] pci 0000:00:01.0:   bridge window [io  0x9000-0x9fff]
Oct  8 16:15:29 cambridge kernel: [    0.233137] pci 0000:00:01.0:   bridge window [mem 0xd0000000-0xd00fffff]
Oct  8 16:15:29 cambridge kernel: [    0.233145] pci 0000:00:01.0:   bridge window [mem 0xc0000000-0xcfffffff 64bit pref]
Oct  8 16:15:29 cambridge kernel: [    0.233155] pci 0000:00:05.0: PCI bridge to [bus 02-04]
Oct  8 16:15:29 cambridge kernel: [    0.233163] pci 0000:00:05.0:   bridge window [mem 0xd0100000-0xd01fffff]
Oct  8 16:15:29 cambridge kernel: [    0.233175] pci 0000:00:06.0: PCI bridge to [bus 05-07]
Oct  8 16:15:29 cambridge kernel: [    0.233181] pci 0000:00:06.0:   bridge window [io  0xa000-0xafff]
Oct  8 16:15:29 cambridge kernel: [    0.233189] pci 0000:00:06.0:   bridge window [mem 0xd0200000-0xd02fffff]
Oct  8 16:15:29 cambridge kernel: [    0.233201] pci 0000:00:07.0: PCI bridge to [bus 08-0a]
Oct  8 16:15:29 cambridge kernel: [    0.233216] pci 0000:00:14.4: PCI bridge to [bus 0b-0d]
Oct  8 16:15:29 cambridge kernel: [    0.233242] pci_bus 0000:00: resource 4 [mem 0x000a0000-0x000bffff]
Oct  8 16:15:29 cambridge kernel: [    0.233248] pci_bus 0000:00: resource 5 [mem 0x000d0000-0x000d3fff]
Oct  8 16:15:29 cambridge kernel: [    0.233253] pci_bus 0000:00: resource 6 [mem 0x000d4000-0x000d7fff]
Oct  8 16:15:29 cambridge kernel: [    0.233258] pci_bus 0000:00: resource 7 [mem 0x000d8000-0x000dbfff]
Oct  8 16:15:29 cambridge kernel: [    0.233263] pci_bus 0000:00: resource 8 [mem 0xb0000000-0xdfffffff]
Oct  8 16:15:29 cambridge kernel: [    0.233268] pci_bus 0000:00: resource 9 [mem 0xf0000000-0xffffffff]
Oct  8 16:15:29 cambridge kernel: [    0.233274] pci_bus 0000:00: resource 10 [io  0x0000-0x0cf7]
Oct  8 16:15:29 cambridge kernel: [    0.233279] pci_bus 0000:00: resource 11 [io  0x0d00-0xffff]
Oct  8 16:15:29 cambridge kernel: [    0.233284] pci_bus 0000:01: resource 0 [io  0x9000-0x9fff]
Oct  8 16:15:29 cambridge kernel: [    0.233289] pci_bus 0000:01: resource 1 [mem 0xd0000000-0xd00fffff]
Oct  8 16:15:29 cambridge kernel: [    0.233295] pci_bus 0000:01: resource 2 [mem 0xc0000000-0xcfffffff 64bit pref]
Oct  8 16:15:29 cambridge kernel: [    0.233300] pci_bus 0000:02: resource 1 [mem 0xd0100000-0xd01fffff]
Oct  8 16:15:29 cambridge kernel: [    0.233305] pci_bus 0000:05: resource 0 [io  0xa000-0xafff]
Oct  8 16:15:29 cambridge kernel: [    0.233310] pci_bus 0000:05: resource 1 [mem 0xd0200000-0xd02fffff]
Oct  8 16:15:29 cambridge kernel: [    0.233316] pci_bus 0000:0b: resource 4 [mem 0x000a0000-0x000bffff]
Oct  8 16:15:29 cambridge kernel: [    0.233321] pci_bus 0000:0b: resource 5 [mem 0x000d0000-0x000d3fff]
Oct  8 16:15:29 cambridge kernel: [    0.233325] pci_bus 0000:0b: resource 6 [mem 0x000d4000-0x000d7fff]
Oct  8 16:15:29 cambridge kernel: [    0.233330] pci_bus 0000:0b: resource 7 [mem 0x000d8000-0x000dbfff]
Oct  8 16:15:29 cambridge kernel: [    0.233335] pci_bus 0000:0b: resource 8 [mem 0xb0000000-0xdfffffff]
Oct  8 16:15:29 cambridge kernel: [    0.233340] pci_bus 0000:0b: resource 9 [mem 0xf0000000-0xffffffff]
Oct  8 16:15:29 cambridge kernel: [    0.233345] pci_bus 0000:0b: resource 10 [io  0x0000-0x0cf7]
Oct  8 16:15:29 cambridge kernel: [    0.233349] pci_bus 0000:0b: resource 11 [io  0x0d00-0xffff]
Oct  8 16:15:29 cambridge kernel: [    0.233413] NET: Registered protocol family 2
Oct  8 16:15:29 cambridge kernel: [    0.233830] TCP established hash table entries: 32768 (order: 6, 262144 bytes)
Oct  8 16:15:29 cambridge kernel: [    0.234112] TCP bind hash table entries: 32768 (order: 7, 524288 bytes)
Oct  8 16:15:29 cambridge kernel: [    0.234438] TCP: Hash tables configured (established 32768 bind 32768)
Oct  8 16:15:29 cambridge kernel: [    0.234523] TCP: reno registered
Oct  8 16:15:29 cambridge kernel: [    0.234543] UDP hash table entries: 2048 (order: 4, 65536 bytes)
Oct  8 16:15:29 cambridge kernel: [    0.234599] UDP-Lite hash table entries: 2048 (order: 4, 65536 bytes)
Oct  8 16:15:29 cambridge kernel: [    0.234732] NET: Registered protocol family 1
Oct  8 16:15:29 cambridge kernel: [    0.236391] pci 0000:01:05.0: Video device with shadowed ROM
Oct  8 16:15:29 cambridge kernel: [    0.236407] PCI: CLS 32 bytes, default 64
Oct  8 16:15:29 cambridge kernel: [    0.236539] Trying to unpack rootfs image as initramfs...
Oct  8 16:15:29 cambridge kernel: [    0.398893] Freeing initrd memory: 3556K (ffff8800378fe000 - ffff880037c77000)
Oct  8 16:15:29 cambridge kernel: [    0.399505] Scanning for low memory corruption every 60 seconds
Oct  8 16:15:29 cambridge kernel: [    0.400385] futex hash table entries: 512 (order: 3, 32768 bytes)
Oct  8 16:15:29 cambridge kernel: [    0.400433] Initialise system trusted keyring
Oct  8 16:15:29 cambridge kernel: [    0.400498] audit: initializing netlink subsys (disabled)
Oct  8 16:15:29 cambridge kernel: [    0.400545] audit: type=2000 audit(1412777717.400:1): initialized
Oct  8 16:15:29 cambridge kernel: [    0.401374] HugeTLB registered 2 MB page size, pre-allocated 0 pages
Oct  8 16:15:29 cambridge kernel: [    0.406031] zpool: loaded
Oct  8 16:15:29 cambridge kernel: [    0.406039] zbud: loaded
Oct  8 16:15:29 cambridge kernel: [    0.406407] VFS: Disk quotas dquot_6.5.2
Oct  8 16:15:29 cambridge kernel: [    0.406510] Dquot-cache hash table entries: 512 (order 0, 4096 bytes)
Oct  8 16:15:29 cambridge kernel: [    0.408139] fuse init (API version 7.23)
Oct  8 16:15:29 cambridge kernel: [    0.408402] msgmni has been set to 5507
Oct  8 16:15:29 cambridge kernel: [    0.409397] Key type asymmetric registered
Oct  8 16:15:29 cambridge kernel: [    0.409405] Asymmetric key parser 'x509' registered
Oct  8 16:15:29 cambridge kernel: [    0.409456] bounce: pool size: 64 pages
Oct  8 16:15:29 cambridge kernel: [    0.409557] Block layer SCSI generic (bsg) driver version 0.4 loaded (major 252)
Oct  8 16:15:29 cambridge kernel: [    0.409637] io scheduler noop registered
Oct  8 16:15:29 cambridge kernel: [    0.409644] io scheduler deadline registered (default)
Oct  8 16:15:29 cambridge kernel: [    0.409743] io scheduler cfq registered
Oct  8 16:15:29 cambridge kernel: [    0.409974] pcieport 0000:00:05.0: irq 24 for MSI/MSI-X
Oct  8 16:15:29 cambridge kernel: [    0.410119] pcieport 0000:00:06.0: irq 25 for MSI/MSI-X
Oct  8 16:15:29 cambridge kernel: [    0.410256] pcieport 0000:00:07.0: irq 26 for MSI/MSI-X
Oct  8 16:15:29 cambridge kernel: [    0.410453] pci_hotplug: PCI Hot Plug PCI Core version: 0.5
Oct  8 16:15:29 cambridge kernel: [    0.410499] pciehp: PCI Express Hot Plug Controller Driver version: 0.4
Oct  8 16:15:29 cambridge kernel: [    0.410742] efifb: probing for efifb
Oct  8 16:15:29 cambridge kernel: [    0.410752] efifb: framebuffer at 0xa0000, mapped to 0xffff8800000a0000, using 56k, total 64k
Oct  8 16:15:29 cambridge kernel: [    0.410757] efifb: mode is 640x350x1, linelength=80, pages=1
Oct  8 16:15:29 cambridge kernel: [    0.410759] efifb: scrolling: redraw
Oct  8 16:15:29 cambridge kernel: [    0.410764] efifb: Truecolor: size=8:8:8:8, shift=24:16:8:0
Oct  8 16:15:29 cambridge kernel: [    0.412785] Console: switching to colour frame buffer device 80x43
Oct  8 16:15:29 cambridge kernel: [    0.414609] fb0: EFI VGA frame buffer device
Oct  8 16:15:29 cambridge kernel: [    0.414633] intel_idle: does not run on family 6 model 15
Oct  8 16:15:29 cambridge kernel: [    0.415169] ACPI: AC Adapter [ADP1] (on-line)
Oct  8 16:15:29 cambridge kernel: [    0.415554] input: Power Button as /devices/LNXSYSTM:00/LNXSYBUS:00/PNP0C0C:00/input/input0
Oct  8 16:15:29 cambridge kernel: [    0.415651] ACPI: Power Button [PWRB]
Oct  8 16:15:29 cambridge kernel: [    0.415775] input: Lid Switch as /devices/LNXSYSTM:00/LNXSYBUS:00/PNP0C0D:00/input/input1
Oct  8 16:15:29 cambridge kernel: [    0.415805] ACPI: Lid Switch [LID0]
Oct  8 16:15:29 cambridge kernel: [    0.415922] input: Sleep Button as /devices/LNXSYSTM:00/LNXSYBUS:00/PNP0C0E:00/input/input2
Oct  8 16:15:29 cambridge kernel: [    0.415928] ACPI: Sleep Button [SLPB]
Oct  8 16:15:29 cambridge kernel: [    0.416091] input: Power Button as /devices/LNXSYSTM:00/LNXPWRBN:00/input/input3
Oct  8 16:15:29 cambridge kernel: [    0.416098] ACPI: Power Button [PWRF]
Oct  8 16:15:29 cambridge kernel: [    0.416253] ACPI: Fan [FAN0] (off)
Oct  8 16:15:29 cambridge kernel: [    0.418915] Monitor-Mwait will be used to enter C-1 state
Oct  8 16:15:29 cambridge kernel: [    0.418927] Monitor-Mwait will be used to enter C-2 state
Oct  8 16:15:29 cambridge kernel: [    0.418936] tsc: Marking TSC unstable due to TSC halts in idle
Oct  8 16:15:29 cambridge kernel: [    0.418945] ACPI: acpi_idle registered with cpuidle
Oct  8 16:15:29 cambridge kernel: [    0.421316] thermal LNXTHERM:00: registered as thermal_zone0
Oct  8 16:15:29 cambridge kernel: [    0.421322] ACPI: Thermal Zone [TZ00] (71 C)
Oct  8 16:15:29 cambridge kernel: [    0.422082] thermal LNXTHERM:01: registered as thermal_zone1
Oct  8 16:15:29 cambridge kernel: [    0.422088] ACPI: Thermal Zone [TZ01] (71 C)
Oct  8 16:15:29 cambridge kernel: [    0.422173] GHES: HEST is not enabled!
Oct  8 16:15:29 cambridge kernel: [    0.422322] ACPI: Battery Slot [BAT1] (battery absent)
Oct  8 16:15:29 cambridge kernel: [    0.422462] Serial: 8250/16550 driver, 32 ports, IRQ sharing enabled
Oct  8 16:15:29 cambridge kernel: [    0.427343] Linux agpgart interface v0.103
Oct  8 16:15:29 cambridge kernel: [    0.431332] brd: module loaded
Oct  8 16:15:29 cambridge kernel: [    0.433332] loop: module loaded
Oct  8 16:15:29 cambridge kernel: [    0.434635] libphy: Fixed MDIO Bus: probed
Oct  8 16:15:29 cambridge kernel: [    0.434967] tun: Universal TUN/TAP device driver, 1.6
Oct  8 16:15:29 cambridge kernel: [    0.434971] tun: (C) 1999-2004 Max Krasnyansky <maxk@qualcomm.com>
Oct  8 16:15:29 cambridge kernel: [    0.435092] PPP generic driver version 2.4.2
Oct  8 16:15:29 cambridge kernel: [    0.435223] ehci_hcd: USB 2.0 'Enhanced' Host Controller (EHCI) Driver
Oct  8 16:15:29 cambridge kernel: [    0.435236] ehci-pci: EHCI PCI platform driver
Oct  8 16:15:29 cambridge kernel: [    0.435478] ehci-pci 0000:00:13.5: EHCI Host Controller
Oct  8 16:15:29 cambridge kernel: [    0.435496] ehci-pci 0000:00:13.5: new USB bus registered, assigned bus number 1
Oct  8 16:15:29 cambridge kernel: [    0.435508] ehci-pci 0000:00:13.5: applying AMD SB600/SB700 USB freeze workaround
Oct  8 16:15:29 cambridge kernel: [    0.435536] ehci-pci 0000:00:13.5: debug port 1
Oct  8 16:15:29 cambridge kernel: [    0.435614] ehci-pci 0000:00:13.5: irq 19, io mem 0xd0509400
Oct  8 16:15:29 cambridge kernel: [    0.448037] ehci-pci 0000:00:13.5: USB 2.0 started, EHCI 1.00
Oct  8 16:15:29 cambridge kernel: [    0.448177] usb usb1: New USB device found, idVendor=1d6b, idProduct=0002
Oct  8 16:15:29 cambridge kernel: [    0.448183] usb usb1: New USB device strings: Mfr=3, Product=2, SerialNumber=1
Oct  8 16:15:29 cambridge kernel: [    0.448188] usb usb1: Product: EHCI Host Controller
Oct  8 16:15:29 cambridge kernel: [    0.448193] usb usb1: Manufacturer: Linux 3.17.0-eudyptula-00001-g78e55e7 ehci_hcd
Oct  8 16:15:29 cambridge kernel: [    0.448198] usb usb1: SerialNumber: 0000:00:13.5
Oct  8 16:15:29 cambridge kernel: [    0.448517] hub 1-0:1.0: USB hub found
Oct  8 16:15:29 cambridge kernel: [    0.448537] hub 1-0:1.0: 10 ports detected
Oct  8 16:15:29 cambridge kernel: [    0.449108] ehci-platform: EHCI generic platform driver
Oct  8 16:15:29 cambridge kernel: [    0.449140] ohci_hcd: USB 1.1 'Open' Host Controller (OHCI) Driver
Oct  8 16:15:29 cambridge kernel: [    0.449152] ohci-pci: OHCI PCI platform driver
Oct  8 16:15:29 cambridge kernel: [    0.449337] ohci-pci 0000:00:13.0: OHCI PCI host controller
Oct  8 16:15:29 cambridge kernel: [    0.449352] ohci-pci 0000:00:13.0: new USB bus registered, assigned bus number 2
Oct  8 16:15:29 cambridge kernel: [    0.449404] ohci-pci 0000:00:13.0: irq 16, io mem 0xd0304000
Oct  8 16:15:29 cambridge kernel: [    0.504151] usb usb2: New USB device found, idVendor=1d6b, idProduct=0001
Oct  8 16:15:29 cambridge kernel: [    0.504158] usb usb2: New USB device strings: Mfr=3, Product=2, SerialNumber=1
Oct  8 16:15:29 cambridge kernel: [    0.504164] usb usb2: Product: OHCI PCI host controller
Oct  8 16:15:29 cambridge kernel: [    0.504169] usb usb2: Manufacturer: Linux 3.17.0-eudyptula-00001-g78e55e7 ohci_hcd
Oct  8 16:15:29 cambridge kernel: [    0.504174] usb usb2: SerialNumber: 0000:00:13.0
Oct  8 16:15:29 cambridge kernel: [    0.504463] hub 2-0:1.0: USB hub found
Oct  8 16:15:29 cambridge kernel: [    0.504488] hub 2-0:1.0: 2 ports detected
Oct  8 16:15:29 cambridge kernel: [    0.504870] ohci-pci 0000:00:13.1: OHCI PCI host controller
Oct  8 16:15:29 cambridge kernel: [    0.504889] ohci-pci 0000:00:13.1: new USB bus registered, assigned bus number 3
Oct  8 16:15:29 cambridge kernel: [    0.504947] ohci-pci 0000:00:13.1: irq 17, io mem 0xd0305000
Oct  8 16:15:29 cambridge kernel: [    0.560153] usb usb3: New USB device found, idVendor=1d6b, idProduct=0001
Oct  8 16:15:29 cambridge kernel: [    0.560160] usb usb3: New USB device strings: Mfr=3, Product=2, SerialNumber=1
Oct  8 16:15:29 cambridge kernel: [    0.560165] usb usb3: Product: OHCI PCI host controller
Oct  8 16:15:29 cambridge kernel: [    0.560170] usb usb3: Manufacturer: Linux 3.17.0-eudyptula-00001-g78e55e7 ohci_hcd
Oct  8 16:15:29 cambridge kernel: [    0.560175] usb usb3: SerialNumber: 0000:00:13.1
Oct  8 16:15:29 cambridge kernel: [    0.560457] hub 3-0:1.0: USB hub found
Oct  8 16:15:29 cambridge kernel: [    0.560480] hub 3-0:1.0: 2 ports detected
Oct  8 16:15:29 cambridge kernel: [    0.560863] ohci-pci 0000:00:13.2: OHCI PCI host controller
Oct  8 16:15:29 cambridge kernel: [    0.560879] ohci-pci 0000:00:13.2: new USB bus registered, assigned bus number 4
Oct  8 16:15:29 cambridge kernel: [    0.560930] ohci-pci 0000:00:13.2: irq 18, io mem 0xd0306000
Oct  8 16:15:29 cambridge kernel: [    0.616152] usb usb4: New USB device found, idVendor=1d6b, idProduct=0001
Oct  8 16:15:29 cambridge kernel: [    0.616158] usb usb4: New USB device strings: Mfr=3, Product=2, SerialNumber=1
Oct  8 16:15:29 cambridge kernel: [    0.616164] usb usb4: Product: OHCI PCI host controller
Oct  8 16:15:29 cambridge kernel: [    0.616169] usb usb4: Manufacturer: Linux 3.17.0-eudyptula-00001-g78e55e7 ohci_hcd
Oct  8 16:15:29 cambridge kernel: [    0.616174] usb usb4: SerialNumber: 0000:00:13.2
Oct  8 16:15:29 cambridge kernel: [    0.616459] hub 4-0:1.0: USB hub found
Oct  8 16:15:29 cambridge kernel: [    0.616485] hub 4-0:1.0: 2 ports detected
Oct  8 16:15:29 cambridge kernel: [    0.616858] ohci-pci 0000:00:13.3: OHCI PCI host controller
Oct  8 16:15:29 cambridge kernel: [    0.616873] ohci-pci 0000:00:13.3: new USB bus registered, assigned bus number 5
Oct  8 16:15:29 cambridge kernel: [    0.616908] ohci-pci 0000:00:13.3: irq 17, io mem 0xd0307000
Oct  8 16:15:29 cambridge kernel: [    0.672154] usb usb5: New USB device found, idVendor=1d6b, idProduct=0001
Oct  8 16:15:29 cambridge kernel: [    0.672161] usb usb5: New USB device strings: Mfr=3, Product=2, SerialNumber=1
Oct  8 16:15:29 cambridge kernel: [    0.672166] usb usb5: Product: OHCI PCI host controller
Oct  8 16:15:29 cambridge kernel: [    0.672171] usb usb5: Manufacturer: Linux 3.17.0-eudyptula-00001-g78e55e7 ohci_hcd
Oct  8 16:15:29 cambridge kernel: [    0.672176] usb usb5: SerialNumber: 0000:00:13.3
Oct  8 16:15:29 cambridge kernel: [    0.672474] hub 5-0:1.0: USB hub found
Oct  8 16:15:29 cambridge kernel: [    0.672498] hub 5-0:1.0: 2 ports detected
Oct  8 16:15:29 cambridge kernel: [    0.672878] ohci-pci 0000:00:13.4: OHCI PCI host controller
Oct  8 16:15:29 cambridge kernel: [    0.672893] ohci-pci 0000:00:13.4: new USB bus registered, assigned bus number 6
Oct  8 16:15:29 cambridge kernel: [    0.672935] ohci-pci 0000:00:13.4: irq 18, io mem 0xd0308000
Oct  8 16:15:29 cambridge kernel: [    0.728149] usb usb6: New USB device found, idVendor=1d6b, idProduct=0001
Oct  8 16:15:29 cambridge kernel: [    0.728156] usb usb6: New USB device strings: Mfr=3, Product=2, SerialNumber=1
Oct  8 16:15:29 cambridge kernel: [    0.728161] usb usb6: Product: OHCI PCI host controller
Oct  8 16:15:29 cambridge kernel: [    0.728166] usb usb6: Manufacturer: Linux 3.17.0-eudyptula-00001-g78e55e7 ohci_hcd
Oct  8 16:15:29 cambridge kernel: [    0.728171] usb usb6: SerialNumber: 0000:00:13.4
Oct  8 16:15:29 cambridge kernel: [    0.728468] hub 6-0:1.0: USB hub found
Oct  8 16:15:29 cambridge kernel: [    0.728492] hub 6-0:1.0: 2 ports detected
Oct  8 16:15:29 cambridge kernel: [    0.728741] ohci-platform: OHCI generic platform driver
Oct  8 16:15:29 cambridge kernel: [    0.728771] uhci_hcd: USB Universal Host Controller Interface driver
Oct  8 16:15:29 cambridge kernel: [    0.728945] i8042: PNP: PS/2 Controller [PNP0303:KBC0,PNP0f13:MSE0] at 0x60,0x64 irq 1,12
Oct  8 16:15:29 cambridge kernel: [    0.732077] i8042: Detected active multiplexing controller, rev 1.1
Oct  8 16:15:29 cambridge kernel: [    0.733870] serio: i8042 KBD port at 0x60,0x64 irq 1
Oct  8 16:15:29 cambridge kernel: [    0.733881] serio: i8042 AUX0 port at 0x60,0x64 irq 12
Oct  8 16:15:29 cambridge kernel: [    0.733963] serio: i8042 AUX1 port at 0x60,0x64 irq 12
Oct  8 16:15:29 cambridge kernel: [    0.734034] serio: i8042 AUX2 port at 0x60,0x64 irq 12
Oct  8 16:15:29 cambridge kernel: [    0.734104] serio: i8042 AUX3 port at 0x60,0x64 irq 12
Oct  8 16:15:29 cambridge kernel: [    0.734463] mousedev: PS/2 mouse device common for all mice
Oct  8 16:15:29 cambridge kernel: [    0.735261] rtc_cmos 00:01: rtc core: registered rtc_cmos as rtc0
Oct  8 16:15:29 cambridge kernel: [    0.735306] rtc_cmos 00:01: alarms up to one month, 114 bytes nvram, hpet irqs
Oct  8 16:15:29 cambridge kernel: [    0.735493] device-mapper: uevent: version 1.0.3
Oct  8 16:15:29 cambridge kernel: [    0.735684] device-mapper: ioctl: 4.27.0-ioctl (2013-10-30) initialised: dm-devel@redhat.com
Oct  8 16:15:29 cambridge kernel: [    0.735722] ledtrig-cpu: registered to indicate activity on CPUs
Oct  8 16:15:29 cambridge kernel: [    0.735873] TCP: cubic registered
Oct  8 16:15:29 cambridge kernel: [    0.736275] NET: Registered protocol family 10
Oct  8 16:15:29 cambridge kernel: [    0.736910] NET: Registered protocol family 17
Oct  8 16:15:29 cambridge kernel: [    0.736938] Key type dns_resolver registered
Oct  8 16:15:29 cambridge kernel: [    0.737660] Loading compiled-in X.509 certificates
Oct  8 16:15:29 cambridge kernel: [    0.740278] Loaded X.509 cert 'Magrathea: Glacier signing key: 631bbf8d2ceb87381b5ae2265a78b28564237469'
Oct  8 16:15:29 cambridge kernel: [    0.740317] registered taskstats version 1
Oct  8 16:15:29 cambridge kernel: [    0.745210] Key type trusted registered
Oct  8 16:15:29 cambridge kernel: [    0.749463] Key type encrypted registered
Oct  8 16:15:29 cambridge kernel: [    0.753647] AppArmor: AppArmor sha1 policy hashing enabled
Oct  8 16:15:29 cambridge kernel: [    0.753656] evm: HMAC attrs: 0x1
Oct  8 16:15:29 cambridge kernel: [    0.754273]   Magic number: 2:828:282
Oct  8 16:15:29 cambridge kernel: [    0.754365] tty tty19: hash matches
Oct  8 16:15:29 cambridge kernel: [    0.754488] rtc_cmos 00:01: setting system clock to 2014-10-08 14:15:19 UTC (1412777719)
Oct  8 16:15:29 cambridge kernel: [    0.755642] BIOS EDD facility v0.16 2004-Jun-25, 0 devices found
Oct  8 16:15:29 cambridge kernel: [    0.755644] EDD information not available.
Oct  8 16:15:29 cambridge kernel: [    0.755743] PM: Hibernation image not present or could not be loaded.
Oct  8 16:15:29 cambridge kernel: [    0.757895] Freeing unused kernel memory: 1348K (ffffffff81d26000 - ffffffff81e77000)
Oct  8 16:15:29 cambridge kernel: [    0.757898] Write protecting the kernel read-only data: 12288k
Oct  8 16:15:29 cambridge kernel: [    0.760064] input: AT Translated Set 2 keyboard as /devices/platform/i8042/serio0/input/input4
Oct  8 16:15:29 cambridge kernel: [    0.760152] usb 1-3: new high-speed USB device number 2 using ehci-pci
Oct  8 16:15:29 cambridge kernel: [    0.761172] Freeing unused kernel memory: 748K (ffff880001745000 - ffff880001800000)
Oct  8 16:15:29 cambridge kernel: [    0.763524] Freeing unused kernel memory: 580K (ffff880001b6f000 - ffff880001c00000)
Oct  8 16:15:29 cambridge kernel: [    0.892188] scsi host0: pata_atiixp
Oct  8 16:15:29 cambridge kernel: [    0.898095] scsi host1: pata_atiixp
Oct  8 16:15:29 cambridge kernel: [    0.898227] ata1: PATA max UDMA/100 cmd 0x1f0 ctl 0x3f6 bmdma 0x8420 irq 14
Oct  8 16:15:29 cambridge kernel: [    0.898231] ata2: PATA max UDMA/100 cmd 0x170 ctl 0x376 bmdma 0x8428 irq 15
Oct  8 16:15:29 cambridge kernel: [    0.905671] sky2: driver version 1.30
Oct  8 16:15:29 cambridge kernel: [    0.905846] sky2 0000:05:00.0: Yukon-2 FE chip revision 3
Oct  8 16:15:29 cambridge kernel: [    0.905905] sky2 0000:05:00.0: irq 27 for MSI/MSI-X
Oct  8 16:15:29 cambridge kernel: [    0.906242] sky2 0000:05:00.0 eth0: addr 00:13:77:99:fe:aa
Oct  8 16:15:29 cambridge kernel: [    0.906588] ahci 0000:00:12.0: version 3.0
Oct  8 16:15:29 cambridge kernel: [    0.906723] ahci 0000:00:12.0: controller can't do 64bit DMA, forcing 32bit
Oct  8 16:15:29 cambridge kernel: [    0.906831] ahci 0000:00:12.0: AHCI 0001.0100 32 slots 4 ports 3 Gbps 0xf impl SATA mode
Oct  8 16:15:29 cambridge kernel: [    0.906835] ahci 0000:00:12.0: flags: ncq sntf ilck led clo pmp pio ccc 
Oct  8 16:15:29 cambridge kernel: [    0.915702] scsi host2: ahci
Oct  8 16:15:29 cambridge kernel: [    0.915916] scsi host3: ahci
Oct  8 16:15:29 cambridge kernel: [    0.916090] scsi host4: ahci
Oct  8 16:15:29 cambridge kernel: [    0.916231] scsi host5: ahci
Oct  8 16:15:29 cambridge kernel: [    0.916314] ata3: SATA max UDMA/133 abar m1024@0xd0509000 port 0xd0509100 irq 22
Oct  8 16:15:29 cambridge kernel: [    0.916318] ata4: SATA max UDMA/133 abar m1024@0xd0509000 port 0xd0509180 irq 22
Oct  8 16:15:29 cambridge kernel: [    0.916322] ata5: SATA max UDMA/133 abar m1024@0xd0509000 port 0xd0509200 irq 22
Oct  8 16:15:29 cambridge kernel: [    0.916326] ata6: SATA max UDMA/133 abar m1024@0xd0509000 port 0xd0509280 irq 22
Oct  8 16:15:29 cambridge kernel: [    0.938859] usb 1-3: New USB device found, idVendor=0ac8, idProduct=c302
Oct  8 16:15:29 cambridge kernel: [    0.938869] usb 1-3: New USB device strings: Mfr=1, Product=2, SerialNumber=0
Oct  8 16:15:29 cambridge kernel: [    0.938875] usb 1-3: Product: Vega USB 2.0 Camera.
Oct  8 16:15:29 cambridge kernel: [    0.938880] usb 1-3: Manufacturer: Vimicro Corp.
Oct  8 16:15:29 cambridge kernel: [    1.088521] ata1.00: ATAPI: Slimtype DVD A DS8A1P, CS22, max UDMA/33
Oct  8 16:15:29 cambridge kernel: [    1.128488] ata1.00: configured for UDMA/33
Oct  8 16:15:29 cambridge kernel: [    1.132429] scsi 0:0:0:0: CD-ROM            Slimtype DVD A  DS8A1P    CS22 PQ: 0 ANSI: 5
Oct  8 16:15:29 cambridge kernel: [    1.151755] sr 0:0:0:0: [sr0] scsi3-mmc drive: 24x/24x writer dvd-ram cd/rw xa/form2 cdda tray
Oct  8 16:15:29 cambridge kernel: [    1.151761] cdrom: Uniform CD-ROM driver Revision: 3.20
Oct  8 16:15:29 cambridge kernel: [    1.152060] sr 0:0:0:0: Attached scsi CD-ROM sr0
Oct  8 16:15:29 cambridge kernel: [    1.152260] sr 0:0:0:0: Attached scsi generic sg0 type 5
Oct  8 16:15:29 cambridge kernel: [    1.240058] ata4: SATA link down (SStatus 0 SControl 300)
Oct  8 16:15:29 cambridge kernel: [    1.240100] ata6: SATA link down (SStatus 0 SControl 300)
Oct  8 16:15:29 cambridge kernel: [    1.240156] ata5: SATA link down (SStatus 0 SControl 300)
Oct  8 16:15:29 cambridge kernel: [    1.408052] ata3: softreset failed (device not ready)
Oct  8 16:15:29 cambridge kernel: [    1.408055] ata3: applying PMP SRST workaround and retrying
Oct  8 16:15:29 cambridge kernel: [    1.580063] ata3: SATA link up 1.5 Gbps (SStatus 113 SControl 300)
Oct  8 16:15:29 cambridge kernel: [    1.586079] ata3.00: ATA-8: SAMSUNG HM160HI, HH100-06, max UDMA7
Oct  8 16:15:29 cambridge kernel: [    1.586086] ata3.00: 312581808 sectors, multi 16: LBA48 NCQ (depth 31/32), AA
Oct  8 16:15:29 cambridge kernel: [    1.586093] ata3.00: SB600 AHCI: limiting to 255 sectors per cmd
Oct  8 16:15:29 cambridge kernel: [    1.592199] ata3.00: SB600 AHCI: limiting to 255 sectors per cmd
Oct  8 16:15:29 cambridge kernel: [    1.592204] ata3.00: configured for UDMA/133
Oct  8 16:15:29 cambridge kernel: [    1.592401] scsi 2:0:0:0: Direct-Access     ATA      SAMSUNG HM160HI  0-06 PQ: 0 ANSI: 5
Oct  8 16:15:29 cambridge kernel: [    1.592780] sd 2:0:0:0: [sda] 312581808 512-byte logical blocks: (160 GB/149 GiB)
Oct  8 16:15:29 cambridge kernel: [    1.592785] sd 2:0:0:0: Attached scsi generic sg1 type 0
Oct  8 16:15:29 cambridge kernel: [    1.592846] sd 2:0:0:0: [sda] Write Protect is off
Oct  8 16:15:29 cambridge kernel: [    1.592849] sd 2:0:0:0: [sda] Mode Sense: 00 3a 00 00
Oct  8 16:15:29 cambridge kernel: [    1.592887] sd 2:0:0:0: [sda] Write cache: enabled, read cache: enabled, doesn't support DPO or FUA
Oct  8 16:15:29 cambridge kernel: [    1.657075]  sda: sda1 sda2 < sda5 sda6 sda7 > sda3
Oct  8 16:15:29 cambridge kernel: [    1.657777] sd 2:0:0:0: [sda] Attached SCSI disk
Oct  8 16:15:29 cambridge kernel: [    2.440133] EXT4-fs (sda1): INFO: recovery required on readonly filesystem
Oct  8 16:15:29 cambridge kernel: [    2.440138] EXT4-fs (sda1): write access will be enabled during recovery
Oct  8 16:15:29 cambridge kernel: [    3.754914] random: nonblocking pool is initialized
Oct  8 16:15:29 cambridge kernel: [    3.770445] EXT4-fs (sda1): recovery complete
Oct  8 16:15:29 cambridge kernel: [    3.780639] EXT4-fs (sda1): mounted filesystem with ordered data mode. Opts: (null)
Oct  8 16:15:29 cambridge kernel: [    6.193373] Adding 1951740k swap on /dev/sda5.  Priority:-1 extents:1 across:1951740k FS
Oct  8 16:15:29 cambridge kernel: [    8.286841] EXT4-fs (sda1): re-mounted. Opts: errors=remount-ro
Oct  8 16:15:29 cambridge kernel: [    9.954018] lp: driver loaded but no devices found
Oct  8 16:15:29 cambridge bluetoothd[431]: Bluetooth daemon 4.101
Oct  8 16:15:30 cambridge bluetoothd[431]: Starting SDP server
Oct  8 16:15:30 cambridge kernel: [   11.565678] Bluetooth: Core ver 2.19
Oct  8 16:15:30 cambridge kernel: [   11.565709] NET: Registered protocol family 31
Oct  8 16:15:30 cambridge kernel: [   11.565711] Bluetooth: HCI device and connection manager initialized
Oct  8 16:15:30 cambridge kernel: [   11.565724] Bluetooth: HCI socket layer initialized
Oct  8 16:15:30 cambridge kernel: [   11.565728] Bluetooth: L2CAP socket layer initialized
Oct  8 16:15:30 cambridge kernel: [   11.565741] Bluetooth: SCO socket layer initialized
Oct  8 16:15:30 cambridge bluetoothd[431]: DIS cannot start: GATT is disabled
Oct  8 16:15:30 cambridge bluetoothd[431]: Failed to init deviceinfo plugin
Oct  8 16:15:30 cambridge bluetoothd[431]: Failed to init proximity plugin
Oct  8 16:15:30 cambridge bluetoothd[431]: Failed to init time plugin
Oct  8 16:15:30 cambridge bluetoothd[431]: Failed to init alert plugin
Oct  8 16:15:30 cambridge bluetoothd[431]: Failed to init thermometer plugin
Oct  8 16:15:30 cambridge avahi-daemon[450]: Found user 'avahi' (UID 110) and group 'avahi' (GID 116).
Oct  8 16:15:30 cambridge avahi-daemon[450]: Successfully dropped root privileges.
Oct  8 16:15:30 cambridge avahi-daemon[450]: avahi-daemon 0.6.31 starting up.
Oct  8 16:15:30 cambridge avahi-daemon[450]: Successfully called chroot().
Oct  8 16:15:30 cambridge avahi-daemon[450]: Successfully dropped remaining capabilities.
Oct  8 16:15:30 cambridge kernel: [   11.807572] Bluetooth: BNEP (Ethernet Emulation) ver 1.3
Oct  8 16:15:30 cambridge kernel: [   11.807577] Bluetooth: BNEP filters: protocol multicast
Oct  8 16:15:30 cambridge kernel: [   11.807589] Bluetooth: BNEP socket layer initialized
Oct  8 16:15:30 cambridge kernel: [   11.833375] Bluetooth: RFCOMM TTY layer initialized
Oct  8 16:15:30 cambridge kernel: [   11.833394] Bluetooth: RFCOMM socket layer initialized
Oct  8 16:15:30 cambridge kernel: [   11.833407] Bluetooth: RFCOMM ver 1.11
Oct  8 16:15:30 cambridge avahi-daemon[450]: Loading service file /services/udisks.service.
Oct  8 16:15:30 cambridge bluetoothd[431]: Failed to init gatt_example plugin
Oct  8 16:15:30 cambridge bluetoothd[431]: Bluetooth Management interface initialized
Oct  8 16:15:30 cambridge avahi-daemon[450]: Network interface enumeration completed.
Oct  8 16:15:30 cambridge avahi-daemon[450]: Registering HINFO record with values 'X86_64'/'LINUX'.
Oct  8 16:15:30 cambridge avahi-daemon[450]: Server startup complete. Host name is cambridge.local. Local service cookie is 3855234931.
Oct  8 16:15:30 cambridge avahi-daemon[450]: Service "cambridge" (/services/udisks.service) successfully established.
Oct  8 16:15:30 cambridge kernel: [   12.042608] ppdev: user-space parallel port driver
Oct  8 16:15:31 cambridge kernel: [   12.349535] CPU0: Core temperature above threshold, cpu clock throttled (total events = 1)
Oct  8 16:15:31 cambridge kernel: [   12.350316] CPU0: Core temperature/speed normal
Oct  8 16:15:31 cambridge kernel: [   12.484773] shpchp: Standard Hot Plug PCI Controller Driver version: 0.4
Oct  8 16:15:31 cambridge kernel: [   12.671394] ACPI: Video Device [VGA] (multi-head: yes  rom: no  post: no)
Oct  8 16:15:31 cambridge kernel: [   12.671458] [Firmware Bug]: ACPI: No _BQC method, cannot determine initial brightness
Oct  8 16:15:31 cambridge kernel: [   12.675876] acpi device:20: registered as cooling_device3
Oct  8 16:15:31 cambridge kernel: [   12.676097] input: Video Bus as /devices/LNXSYSTM:00/LNXSYBUS:00/PNP0A08:00/device:1e/LNXVIDEO:01/input/input9
Oct  8 16:15:31 cambridge kernel: [   12.843085] piix4_smbus 0000:00:14.0: SMBus Host Controller at 0x8410, revision 0
Oct  8 16:15:31 cambridge kernel: [   12.900879] [drm] Initialized drm 1.1.0 20060810
Oct  8 16:15:31 cambridge kernel: [   12.965631] sp5100_tco: SP5100/SB800 TCO WatchDog Timer Driver v0.05
Oct  8 16:15:31 cambridge kernel: [   12.965755] sp5100_tco: PCI Revision ID: 0x14
Oct  8 16:15:31 cambridge kernel: [   12.965786] sp5100_tco: failed to find MMIO address, giving up.
Oct  8 16:15:31 cambridge kernel: [   13.082547] audit: type=1400 audit(1412777731.821:2): apparmor="STATUS" operation="profile_load" name="/usr/lib/cups/backend/cups-pdf" pid=469 comm="apparmor_parser"
Oct  8 16:15:31 cambridge kernel: [   13.082565] audit: type=1400 audit(1412777731.821:3): apparmor="STATUS" operation="profile_load" name="/usr/sbin/cupsd" pid=469 comm="apparmor_parser"
Oct  8 16:15:31 cambridge kernel: [   13.083422] audit: type=1400 audit(1412777731.821:4): apparmor="STATUS" operation="profile_replace" name="/usr/sbin/cupsd" pid=469 comm="apparmor_parser"
Oct  8 16:15:32 cambridge kernel: [   13.594060] cfg80211: Calling CRDA to update world regulatory domain
Oct  8 16:15:32 cambridge kernel: [   13.646865] microcode: CPU0 sig=0x6fd, pf=0x80, revision=0xa3
Oct  8 16:15:32 cambridge kernel: [   13.868872] microcode: CPU1 sig=0x6fd, pf=0x80, revision=0xa3
Oct  8 16:15:32 cambridge kernel: [   13.869048] microcode: Microcode Update Driver: v2.00 <tigran@aivazian.fsnet.co.uk>, Peter Oruba
Oct  8 16:15:32 cambridge kernel: [   13.962737] audit: type=1400 audit(1412777732.705:5): apparmor="STATUS" operation="profile_load" name="/sbin/dhclient" pid=491 comm="apparmor_parser"
Oct  8 16:15:32 cambridge kernel: [   13.962746] audit: type=1400 audit(1412777732.705:6): apparmor="STATUS" operation="profile_load" name="/usr/lib/NetworkManager/nm-dhcp-client.action" pid=491 comm="apparmor_parser"
Oct  8 16:15:32 cambridge kernel: [   13.962751] audit: type=1400 audit(1412777732.705:7): apparmor="STATUS" operation="profile_load" name="/usr/lib/connman/scripts/dhclient-script" pid=491 comm="apparmor_parser"
Oct  8 16:15:32 cambridge kernel: [   13.963389] audit: type=1400 audit(1412777732.705:8): apparmor="STATUS" operation="profile_replace" name="/usr/lib/NetworkManager/nm-dhcp-client.action" pid=491 comm="apparmor_parser"
Oct  8 16:15:32 cambridge kernel: [   13.963395] audit: type=1400 audit(1412777732.705:9): apparmor="STATUS" operation="profile_replace" name="/usr/lib/connman/scripts/dhclient-script" pid=491 comm="apparmor_parser"
Oct  8 16:15:32 cambridge kernel: [   13.963719] audit: type=1400 audit(1412777732.705:10): apparmor="STATUS" operation="profile_replace" name="/usr/lib/connman/scripts/dhclient-script" pid=491 comm="apparmor_parser"
Oct  8 16:15:33 cambridge kernel: [   14.890973] psmouse serio4: synaptics: Touchpad model: 1, fw: 6.3, id: 0x1c0b1, caps: 0xa04713/0x200000/0x0, board id: 3655, fw id: 358995
Oct  8 16:15:33 cambridge kernel: [   14.927180] input: SynPS/2 Synaptics TouchPad as /devices/platform/i8042/serio4/input/input13
Oct  8 16:15:34 cambridge mtp-probe: checking bus 1, device 2: "/sys/devices/pci0000:00/0000:00:13.5/usb1/1-3"
Oct  8 16:15:34 cambridge mtp-probe: bus: 1, device: 2 was not an MTP device
Oct  8 16:15:34 cambridge kernel: [   15.689583] ath5k 0000:02:00.0: can't disable ASPM; OS doesn't have ASPM control
Oct  8 16:15:34 cambridge kernel: [   15.689800] ath5k 0000:02:00.0: registered as 'phy0'
Oct  8 16:15:34 cambridge kernel: [   15.873748] [drm] radeon kernel modesetting enabled.
Oct  8 16:15:34 cambridge kernel: [   15.873871] checking generic (a0000 e000) vs hw (c0000000 10000000)
Oct  8 16:15:34 cambridge kernel: [   15.873874] fb: switching to radeondrmfb from EFI VGA
Oct  8 16:15:34 cambridge kernel: [   15.873947] Console: switching to colour dummy device 80x25
Oct  8 16:15:34 cambridge kernel: [   15.880759] [drm] initializing kernel modesetting (RS600 0x1002:0x7942 0x144D:0xC034).
Oct  8 16:15:34 cambridge kernel: [   15.880823] [drm] register mmio base: 0xD0000000
Oct  8 16:15:34 cambridge kernel: [   15.880826] [drm] register mmio size: 65536
Oct  8 16:15:34 cambridge kernel: [   15.880953] ATOM BIOS: ATI
Oct  8 16:15:34 cambridge kernel: [   15.880984] radeon 0000:01:05.0: VRAM: 256M 0x00000000B0000000 - 0x00000000BFFFFFFF (256M used)
Oct  8 16:15:34 cambridge kernel: [   15.880987] radeon 0000:01:05.0: GTT: 512M 0x0000000090000000 - 0x00000000AFFFFFFF
Oct  8 16:15:34 cambridge kernel: [   15.881038] [drm] Detected VRAM RAM=256M, BAR=256M
Oct  8 16:15:34 cambridge kernel: [   15.881042] [drm] RAM width 128bits DDR
Oct  8 16:15:34 cambridge kernel: [   15.883962] [TTM] Zone  kernel: Available graphics memory: 1411302 kiB
Oct  8 16:15:34 cambridge kernel: [   15.883976] [TTM] Initializing pool allocator
Oct  8 16:15:34 cambridge kernel: [   15.884052] [TTM] Initializing DMA pool allocator
Oct  8 16:15:34 cambridge kernel: [   15.884123] [drm] radeon: 256M of VRAM memory ready
Oct  8 16:15:34 cambridge kernel: [   15.884132] [drm] radeon: 512M of GTT memory ready.
Oct  8 16:15:34 cambridge kernel: [   15.884176] [drm] GART: num cpu pages 131072, num gpu pages 131072
Oct  8 16:15:34 cambridge kernel: [   15.906994] [drm] radeon: 1 quad pipes, 1 z pipes initialized.
Oct  8 16:15:34 cambridge kernel: [   15.923398] [drm] PCIE GART of 512M enabled (table at 0x00000000B0040000).
Oct  8 16:15:34 cambridge kernel: [   15.923434] radeon 0000:01:05.0: WB enabled
Oct  8 16:15:34 cambridge kernel: [   15.923440] radeon 0000:01:05.0: fence driver on ring 0 use gpu addr 0x0000000090000000 and cpu addr 0xffff8800a598d000
Oct  8 16:15:34 cambridge kernel: [   15.923444] [drm] Supports vblank timestamp caching Rev 2 (21.10.2013).
Oct  8 16:15:34 cambridge kernel: [   15.923445] [drm] Driver supports precise vblank timestamp query.
Oct  8 16:15:34 cambridge kernel: [   15.923464] [drm] radeon: irq initialized.
Oct  8 16:15:34 cambridge kernel: [   15.923482] [drm] Loading RS600 Microcode
Oct  8 16:15:34 cambridge kernel: [   16.143641] Linux video capture interface: v2.00
Oct  8 16:15:35 cambridge kernel: [   16.566220] uvcvideo: Found UVC 1.00 device Vega USB 2.0 Camera. (0ac8:c302)
Oct  8 16:15:35 cambridge kernel: [   16.569015] input: Vega USB 2.0 Camera. as /devices/pci0000:00/0000:00:13.5/usb1/1-3/1-3:1.0/input/input14
Oct  8 16:15:35 cambridge kernel: [   16.569375] usbcore: registered new interface driver uvcvideo
Oct  8 16:15:35 cambridge kernel: [   16.569377] USB Video Class driver (1.1.1)
Oct  8 16:15:35 cambridge kernel: [   16.577339] ath: EEPROM regdomain: 0x65
Oct  8 16:15:35 cambridge kernel: [   16.577345] ath: EEPROM indicates we should expect a direct regpair map
Oct  8 16:15:35 cambridge kernel: [   16.577352] ath: Country alpha2 being used: 00
Oct  8 16:15:35 cambridge kernel: [   16.577355] ath: Regpair used: 0x65
Oct  8 16:15:35 cambridge failsafe: Failsafe of 120 seconds reached.
Oct  8 16:15:35 cambridge kernel: [   16.644112] [drm] radeon: ring at 0x0000000090001000
Oct  8 16:15:35 cambridge kernel: [   16.644141] [drm] ring test succeeded in 0 usecs
Oct  8 16:15:35 cambridge kernel: [   16.644280] [drm] ib test succeeded in 0 usecs
Oct  8 16:15:35 cambridge kernel: [   16.645204] [drm] radeon atom DIG backlight initialized
Oct  8 16:15:35 cambridge kernel: [   16.645211] [drm] Radeon Display Connectors
Oct  8 16:15:35 cambridge kernel: [   16.645214] [drm] Connector 0:
Oct  8 16:15:35 cambridge kernel: [   16.645217] [drm]   VGA-1
Oct  8 16:15:35 cambridge kernel: [   16.645222] [drm]   DDC: 0x7e40 0x7e40 0x7e44 0x7e44 0x7e48 0x7e48 0x7e4c 0x7e4c
Oct  8 16:15:35 cambridge kernel: [   16.645225] [drm]   Encoders:
Oct  8 16:15:35 cambridge kernel: [   16.645228] [drm]     CRT1: INTERNAL_KLDSCP_DAC1
Oct  8 16:15:35 cambridge kernel: [   16.645232] [drm] Connector 1:
Oct  8 16:15:35 cambridge kernel: [   16.645234] [drm]   LVDS-1
Oct  8 16:15:35 cambridge kernel: [   16.645239] [drm]   DDC: 0x7e40 0x7e50 0x7e44 0x7e54 0x7e48 0x7e58 0x7e4c 0x7e5c
Oct  8 16:15:35 cambridge kernel: [   16.645242] [drm]   Encoders:
Oct  8 16:15:35 cambridge kernel: [   16.645245] [drm]     LCD1: INTERNAL_LVTM1
Oct  8 16:15:35 cambridge kernel: [   16.645248] [drm] Connector 2:
Oct  8 16:15:35 cambridge kernel: [   16.645250] [drm]   SVIDEO-1
Oct  8 16:15:35 cambridge kernel: [   16.645253] [drm]   Encoders:
Oct  8 16:15:35 cambridge kernel: [   16.645256] [drm]     TV1: INTERNAL_KLDSCP_DAC1
Oct  8 16:15:35 cambridge kernel: [   16.714249] ieee80211 phy0: Selected rate control algorithm 'minstrel_ht'
Oct  8 16:15:35 cambridge kernel: [   16.714616] ath5k: phy0: Atheros AR2425 chip found (MAC: 0xe2, PHY: 0x70)
Oct  8 16:15:35 cambridge kernel: [   16.734959] sound hdaudioC0D3: autoconfig: line_outs=1 (0x14/0x0/0x0/0x0/0x0) type:speaker
Oct  8 16:15:35 cambridge kernel: [   16.734965] sound hdaudioC0D3:    speaker_outs=0 (0x0/0x0/0x0/0x0/0x0)
Oct  8 16:15:35 cambridge kernel: [   16.734968] sound hdaudioC0D3:    hp_outs=1 (0x15/0x0/0x0/0x0/0x0)
Oct  8 16:15:35 cambridge kernel: [   16.734971] sound hdaudioC0D3:    mono: mono_out=0x0
Oct  8 16:15:35 cambridge kernel: [   16.734973] sound hdaudioC0D3:    inputs:
Oct  8 16:15:35 cambridge kernel: [   16.734976] sound hdaudioC0D3:      Internal Mic=0x19
Oct  8 16:15:35 cambridge kernel: [   16.734980] sound hdaudioC0D3:      Mic=0x18
Oct  8 16:15:35 cambridge kernel: [   16.751367] input: HDA ATI SB Mic as /devices/pci0000:00/0000:00:14.2/sound/card0/input15
Oct  8 16:15:35 cambridge kernel: [   16.751597] input: HDA ATI SB Headphone as /devices/pci0000:00/0000:00:14.2/sound/card0/input16
Oct  8 16:15:36 cambridge kernel: [   17.287468] [drm] fb mappable at 0xC0140000
Oct  8 16:15:36 cambridge kernel: [   17.287476] [drm] vram apper at 0xC0000000
Oct  8 16:15:36 cambridge kernel: [   17.287480] [drm] size 4096000
Oct  8 16:15:36 cambridge kernel: [   17.287483] [drm] fb depth is 24
Oct  8 16:15:36 cambridge kernel: [   17.287487] [drm]    pitch is 5120
Oct  8 16:15:36 cambridge kernel: [   17.287735] fbcon: radeondrmfb (fb0) is primary device
Oct  8 16:15:36 cambridge kernel: [   17.552143] Console: switching to colour frame buffer device 160x50
Oct  8 16:15:36 cambridge kernel: [   17.556373] radeon 0000:01:05.0: fb0: radeondrmfb frame buffer device
Oct  8 16:15:36 cambridge kernel: [   17.556375] radeon 0000:01:05.0: registered panic notifier
Oct  8 16:15:36 cambridge kernel: [   17.564670] [drm] Initialized radeon 2.40.0 20080528 for 0000:01:05.0 on minor 0
Oct  8 16:15:37 cambridge kernel: [   18.317417] audit: type=1400 audit(1412777737.057:11): apparmor="STATUS" operation="profile_replace" name="/sbin/dhclient" pid=744 comm="apparmor_parser"
Oct  8 16:15:37 cambridge kernel: [   18.317428] audit: type=1400 audit(1412777737.057:12): apparmor="STATUS" operation="profile_replace" name="/usr/lib/NetworkManager/nm-dhcp-client.action" pid=744 comm="apparmor_parser"
Oct  8 16:15:37 cambridge kernel: [   18.317434] audit: type=1400 audit(1412777737.057:13): apparmor="STATUS" operation="profile_replace" name="/usr/lib/connman/scripts/dhclient-script" pid=744 comm="apparmor_parser"
Oct  8 16:15:37 cambridge kernel: [   18.318068] audit: type=1400 audit(1412777737.057:14): apparmor="STATUS" operation="profile_replace" name="/usr/lib/NetworkManager/nm-dhcp-client.action" pid=744 comm="apparmor_parser"
Oct  8 16:15:37 cambridge kernel: [   18.318074] audit: type=1400 audit(1412777737.057:15): apparmor="STATUS" operation="profile_replace" name="/usr/lib/connman/scripts/dhclient-script" pid=744 comm="apparmor_parser"
Oct  8 16:15:37 cambridge kernel: [   18.318405] audit: type=1400 audit(1412777737.057:16): apparmor="STATUS" operation="profile_replace" name="/usr/lib/connman/scripts/dhclient-script" pid=744 comm="apparmor_parser"
Oct  8 16:15:37 cambridge modem-manager[683]: <info>  ModemManager (version 0.6.0.0) starting...
Oct  8 16:15:37 cambridge kernel: [   18.616974] audit: type=1400 audit(1412777737.357:17): apparmor="STATUS" operation="profile_load" name="/usr/lib/telepathy/mission-control-5" pid=747 comm="apparmor_parser"
Oct  8 16:15:37 cambridge kernel: [   18.616983] audit: type=1400 audit(1412777737.357:18): apparmor="STATUS" operation="profile_load" name="/usr/lib/telepathy/telepathy-*" pid=747 comm="apparmor_parser"
Oct  8 16:15:37 cambridge kernel: [   18.616988] audit: type=1400 audit(1412777737.357:19): apparmor="STATUS" operation="profile_load" name="pxgsettings" pid=747 comm="apparmor_parser"
Oct  8 16:15:37 cambridge kernel: [   18.616993] audit: type=1400 audit(1412777737.357:20): apparmor="STATUS" operation="profile_load" name="sanitized_helper" pid=747 comm="apparmor_parser"
Oct  8 16:15:38 cambridge modem-manager[683]: <info>  Loaded plugin 'Wavecom'
Oct  8 16:15:38 cambridge modem-manager[683]: <info>  Loaded plugin 'Linktop'
Oct  8 16:15:38 cambridge modem-manager[683]: <info>  Loaded plugin 'Option High-Speed'
Oct  8 16:15:38 cambridge modem-manager[683]: <info>  Loaded plugin 'MotoC'
Oct  8 16:15:38 cambridge modem-manager[683]: <info>  Loaded plugin 'Longcheer'
Oct  8 16:15:38 cambridge modem-manager[683]: <info>  Loaded plugin 'Option'
Oct  8 16:15:38 cambridge modem-manager[683]: <info>  Loaded plugin 'SimTech'
Oct  8 16:15:38 cambridge modem-manager[683]: <info>  Loaded plugin 'X22X'
Oct  8 16:15:38 cambridge modem-manager[683]: <info>  Loaded plugin 'Gobi'
Oct  8 16:15:38 cambridge modem-manager[683]: <info>  Loaded plugin 'Ericsson MBM'
Oct  8 16:15:38 cambridge modem-manager[683]: <info>  Loaded plugin 'AnyData'
Oct  8 16:15:38 cambridge modem-manager[683]: <info>  Loaded plugin 'Sierra'
Oct  8 16:15:38 cambridge modem-manager[683]: <info>  Loaded plugin 'ZTE'
Oct  8 16:15:38 cambridge modem-manager[683]: <info>  Loaded plugin 'Huawei'
Oct  8 16:15:38 cambridge modem-manager[683]: <info>  Loaded plugin 'Nokia'
Oct  8 16:15:38 cambridge modem-manager[683]: <info>  Loaded plugin 'Samsung'
Oct  8 16:15:38 cambridge modem-manager[683]: <info>  Loaded plugin 'Novatel'
Oct  8 16:15:38 cambridge modem-manager[683]: <info>  Loaded plugin 'Iridium'
Oct  8 16:15:38 cambridge modem-manager[683]: <info>  Loaded plugin 'Cinterion'
Oct  8 16:15:38 cambridge modem-manager[683]: <info>  Loaded plugin 'Generic'
Oct  8 16:15:38 cambridge modem-manager[683]: <info>  Successfully loaded 20 plugins
Oct  8 16:15:38 cambridge kernel: [   19.489768] cfg80211: World regulatory domain updated:
Oct  8 16:15:38 cambridge kernel: [   19.489774] cfg80211:  DFS Master region: unset
Oct  8 16:15:38 cambridge kernel: [   19.489777] cfg80211:   (start_freq - end_freq @ bandwidth), (max_antenna_gain, max_eirp), (dfs_cac_time)
Oct  8 16:15:38 cambridge kernel: [   19.489780] cfg80211:   (2402000 KHz - 2472000 KHz @ 40000 KHz), (300 mBi, 2000 mBm), (N/A)
Oct  8 16:15:38 cambridge kernel: [   19.489784] cfg80211:   (2457000 KHz - 2482000 KHz @ 40000 KHz), (300 mBi, 2000 mBm), (N/A)
Oct  8 16:15:38 cambridge kernel: [   19.489786] cfg80211:   (2474000 KHz - 2494000 KHz @ 20000 KHz), (300 mBi, 2000 mBm), (N/A)
Oct  8 16:15:38 cambridge kernel: [   19.489789] cfg80211:   (5170000 KHz - 5250000 KHz @ 40000 KHz), (300 mBi, 2000 mBm), (N/A)
Oct  8 16:15:38 cambridge kernel: [   19.489792] cfg80211:   (5735000 KHz - 5835000 KHz @ 40000 KHz), (300 mBi, 2000 mBm), (N/A)
Oct  8 16:15:39 cambridge NetworkManager[893]: <info> NetworkManager (version 0.9.8.0) is starting...
Oct  8 16:15:39 cambridge NetworkManager[893]: <info> Read config file /etc/NetworkManager/NetworkManager.conf
Oct  8 16:15:39 cambridge NetworkManager[893]: <info> WEXT support is enabled
Oct  8 16:15:39 cambridge cron[839]: (CRON) INFO (pidfile fd = 3)
Oct  8 16:15:39 cambridge anacron[911]: Anacron 2.3 started on 2014-10-08
Oct  8 16:15:39 cambridge cron[916]: (CRON) STARTUP (fork ok)
Oct  8 16:15:39 cambridge cron[916]: (CRON) INFO (Running @reboot jobs)
Oct  8 16:15:39 cambridge acpid: starting up with netlink and the input layer
Oct  8 16:15:39 cambridge anacron[911]: Normal exit (0 jobs run)
Oct  8 16:15:39 cambridge acpid: 9 rules loaded
Oct  8 16:15:39 cambridge acpid: waiting for events: event logging is off
Oct  8 16:15:40 cambridge NetworkManager[893]: <info> VPN: loaded org.freedesktop.NetworkManager.pptp
Oct  8 16:15:40 cambridge NetworkManager[893]: <info> DNS: loaded plugin dnsmasq
Oct  8 16:15:40 cambridge dbus[419]: [system] Activating service name='org.freedesktop.PolicyKit1' (using servicehelper)
Oct  8 16:15:40 cambridge ntpdate[994]: Can't find host ntp.ubuntu.com: Name or service not known (-2)
Oct  8 16:15:40 cambridge ntpdate[994]: no servers can be used, exiting
Oct  8 16:15:41 cambridge dbus[419]: [system] Activating service name='org.freedesktop.Accounts' (using servicehelper)
Oct  8 16:15:41 cambridge polkitd[1007]: started daemon version 0.105 using authority implementation `local' version `0.105'
Oct  8 16:15:41 cambridge dbus[419]: [system] Successfully activated service 'org.freedesktop.PolicyKit1'
Oct  8 16:15:41 cambridge NetworkManager[893]:    SCPlugin-Ifupdown: init!
Oct  8 16:15:41 cambridge NetworkManager[893]:    SCPlugin-Ifupdown: update_system_hostname
Oct  8 16:15:41 cambridge NetworkManager[893]:    SCPluginIfupdown: management mode: unmanaged
Oct  8 16:15:41 cambridge NetworkManager[893]:    SCPlugin-Ifupdown: devices added (path: /sys/devices/pci0000:00/0000:00:05.0/0000:02:00.0/net/wlan0, iface: wlan0)
Oct  8 16:15:41 cambridge NetworkManager[893]:    SCPlugin-Ifupdown: device added (path: /sys/devices/pci0000:00/0000:00:05.0/0000:02:00.0/net/wlan0, iface: wlan0): no ifupdown configuration found.
Oct  8 16:15:41 cambridge NetworkManager[893]:    SCPlugin-Ifupdown: devices added (path: /sys/devices/pci0000:00/0000:00:06.0/0000:05:00.0/net/eth0, iface: eth0)
Oct  8 16:15:41 cambridge NetworkManager[893]:    SCPlugin-Ifupdown: device added (path: /sys/devices/pci0000:00/0000:00:06.0/0000:05:00.0/net/eth0, iface: eth0): no ifupdown configuration found.
Oct  8 16:15:41 cambridge NetworkManager[893]:    SCPlugin-Ifupdown: devices added (path: /sys/devices/virtual/net/lo, iface: lo)
Oct  8 16:15:41 cambridge NetworkManager[893]:    SCPlugin-Ifupdown: device added (path: /sys/devices/virtual/net/lo, iface: lo): no ifupdown configuration found.
Oct  8 16:15:41 cambridge NetworkManager[893]:    SCPlugin-Ifupdown: end _init.
Oct  8 16:15:41 cambridge NetworkManager[893]: <info> Loaded plugin ifupdown: (C) 2008 Canonical Ltd.  To report bugs please use the NetworkManager mailing list.
Oct  8 16:15:41 cambridge NetworkManager[893]: <info> Loaded plugin keyfile: (c) 2007 - 2010 Red Hat, Inc.  To report bugs please use the NetworkManager mailing list.
Oct  8 16:15:41 cambridge NetworkManager[893]:    SCPlugin-Ofono: Acquired D-Bus service com.canonical.NMOfono
Oct  8 16:15:41 cambridge NetworkManager[893]:    SCPlugin-Ofono: init!
Oct  8 16:15:41 cambridge NetworkManager[893]:    SCPlugin-Ofono: end _init.
Oct  8 16:15:41 cambridge NetworkManager[893]: <info> Loaded plugin (null): (null)
Oct  8 16:15:41 cambridge NetworkManager[893]:    Ifupdown: get unmanaged devices count: 0
Oct  8 16:15:41 cambridge NetworkManager[893]:    SCPlugin-Ifupdown: (11750656) ... get_connections.
Oct  8 16:15:41 cambridge NetworkManager[893]:    SCPlugin-Ifupdown: (11750656) ... get_connections (managed=false): return empty list.
Oct  8 16:15:41 cambridge NetworkManager[893]:    SCPlugin-Ofono: (11537776) ... get_connections.
Oct  8 16:15:41 cambridge NetworkManager[893]:    SCPlugin-Ofono: (11537776) connections count: 0
Oct  8 16:15:41 cambridge NetworkManager[893]:    Ifupdown: get unmanaged devices count: 0
Oct  8 16:15:41 cambridge NetworkManager[893]: <info> modem-manager is now available
Oct  8 16:15:41 cambridge NetworkManager[893]: <info> monitoring kernel firmware directory '/lib/firmware'.
Oct  8 16:15:42 cambridge whoopsie[865]: whoopsie 0.2.24.1.2 starting up.
Oct  8 16:15:42 cambridge NetworkManager[893]: <info> rfkill0: found WiFi radio killswitch (at /sys/devices/pci0000:00/0000:00:05.0/0000:02:00.0/ieee80211/phy0/rfkill0) (driver ath5k)
Oct  8 16:15:42 cambridge NetworkManager[893]: <info> WiFi hardware radio set enabled
Oct  8 16:15:42 cambridge NetworkManager[893]: <info> WiFi enabled by radio killswitch; enabled by state file
Oct  8 16:15:42 cambridge NetworkManager[893]: <info> WWAN enabled by radio killswitch; enabled by state file
Oct  8 16:15:42 cambridge NetworkManager[893]: <info> WiMAX enabled by radio killswitch; enabled by state file
Oct  8 16:15:42 cambridge NetworkManager[893]: <info> Networking is enabled by state file
Oct  8 16:15:42 cambridge NetworkManager[893]: <info> (wlan0): using nl80211 for WiFi device control
Oct  8 16:15:42 cambridge NetworkManager[893]: <info> (wlan0): driver supports Access Point (AP) mode
Oct  8 16:15:42 cambridge NetworkManager[893]: <info> (wlan0): new 802.11 WiFi device (driver: 'ath5k' ifindex: 3)
Oct  8 16:15:42 cambridge NetworkManager[893]: <info> (wlan0): exported as /org/freedesktop/NetworkManager/Devices/0
Oct  8 16:15:42 cambridge NetworkManager[893]: <info> (wlan0): device state change: unmanaged -> unavailable (reason 'managed') [10 20 2]
Oct  8 16:15:42 cambridge NetworkManager[893]: <info> (wlan0): bringing up device.
Oct  8 16:15:42 cambridge NetworkManager[893]: <info> (wlan0): preparing device.
Oct  8 16:15:42 cambridge NetworkManager[893]: <info> (wlan0): deactivating device (reason 'managed') [2]
Oct  8 16:15:42 cambridge kernel: [   23.610288] IPv6: ADDRCONF(NETDEV_UP): wlan0: link is not ready
Oct  8 16:15:42 cambridge dbus[419]: [system] Activating service name='fi.w1.wpa_supplicant1' (using servicehelper)
Oct  8 16:15:42 cambridge NetworkManager[893]: <warn> failed to allocate link cache: (-12) Object not found
Oct  8 16:15:42 cambridge NetworkManager[893]: <info> (eth0): carrier is OFF
Oct  8 16:15:42 cambridge NetworkManager[893]: <info> (eth0): new Ethernet device (driver: 'sky2' ifindex: 2)
Oct  8 16:15:42 cambridge NetworkManager[893]: <info> (eth0): exported as /org/freedesktop/NetworkManager/Devices/1
Oct  8 16:15:42 cambridge NetworkManager[893]: <info> (eth0): device state change: unmanaged -> unavailable (reason 'managed') [10 20 2]
Oct  8 16:15:42 cambridge NetworkManager[893]: <info> (eth0): bringing up device.
Oct  8 16:15:42 cambridge NetworkManager[893]: <info> (eth0): preparing device.
Oct  8 16:15:42 cambridge NetworkManager[893]: <info> (eth0): deactivating device (reason 'managed') [2]
Oct  8 16:15:42 cambridge kernel: [   23.639081] sky2 0000:05:00.0 eth0: enabling interface
Oct  8 16:15:42 cambridge kernel: [   23.639153] IPv6: ADDRCONF(NETDEV_UP): eth0: link is not ready
Oct  8 16:15:42 cambridge NetworkManager[893]: <info> Added default wired connection 'Wired connection 1' for /sys/devices/pci0000:00/0000:00:06.0/0000:05:00.0/net/eth0
Oct  8 16:15:42 cambridge whoopsie[865]: Using lock path: /var/lock/whoopsie/lock
Oct  8 16:15:42 cambridge accounts-daemon[1064]: started daemon version 0.6.34
Oct  8 16:15:42 cambridge dbus[419]: [system] Successfully activated service 'org.freedesktop.Accounts'
Oct  8 16:15:42 cambridge NetworkManager[893]: <warn> /sys/devices/virtual/net/lo: couldn't determine device driver; ignoring...
Oct  8 16:15:42 cambridge NetworkManager[893]: <warn> /sys/devices/virtual/net/lo: couldn't determine device driver; ignoring...
Oct  8 16:15:42 cambridge whoopsie[1075]: offline
Oct  8 16:15:43 cambridge dbus[419]: [system] Successfully activated service 'fi.w1.wpa_supplicant1'
Oct  8 16:15:43 cambridge NetworkManager[893]: <info> wpa_supplicant started
Oct  8 16:15:43 cambridge NetworkManager[893]: <info> (wlan0) supports 4 scan SSIDs
Oct  8 16:15:43 cambridge NetworkManager[893]: <warn> Trying to remove a non-existant call id.
Oct  8 16:15:43 cambridge NetworkManager[893]: <info> (wlan0): supplicant interface state: starting -> ready
Oct  8 16:15:43 cambridge NetworkManager[893]: <info> (wlan0): device state change: unavailable -> disconnected (reason 'supplicant-available') [20 30 42]
Oct  8 16:15:43 cambridge NetworkManager[893]: <info> (wlan0): supplicant interface state: ready -> inactive
Oct  8 16:15:43 cambridge NetworkManager[893]: <info> (wlan0) supports 4 scan SSIDs
Oct  8 16:15:43 cambridge acpid: client connected from 1062[0:0]
Oct  8 16:15:43 cambridge acpid: 1 client rule loaded
Oct  8 16:15:44 cambridge NetworkManager[893]: <info> (eth0): carrier now ON (device state 20)
Oct  8 16:15:44 cambridge NetworkManager[893]: <info> (eth0): device state change: unavailable -> disconnected (reason 'carrier-changed') [20 30 40]
Oct  8 16:15:44 cambridge kernel: [   25.359408] sky2 0000:05:00.0 eth0: Link is up at 100 Mbps, full duplex, flow control rx
Oct  8 16:15:44 cambridge kernel: [   25.359427] IPv6: ADDRCONF(NETDEV_CHANGE): eth0: link becomes ready
Oct  8 16:15:44 cambridge NetworkManager[893]: <info> Auto-activating connection 'Wired connection 1'.
Oct  8 16:15:44 cambridge NetworkManager[893]: <info> Activation (eth0) starting connection 'Wired connection 1'
Oct  8 16:15:44 cambridge NetworkManager[893]: <info> (eth0): device state change: disconnected -> prepare (reason 'none') [30 40 0]
Oct  8 16:15:44 cambridge NetworkManager[893]: <info> Activation (eth0) Stage 1 of 5 (Device Prepare) scheduled...
Oct  8 16:15:44 cambridge NetworkManager[893]: <info> Activation (eth0) Stage 1 of 5 (Device Prepare) started...
Oct  8 16:15:44 cambridge NetworkManager[893]: <info> Activation (eth0) Stage 2 of 5 (Device Configure) scheduled...
Oct  8 16:15:44 cambridge NetworkManager[893]: <info> Activation (eth0) Stage 1 of 5 (Device Prepare) complete.
Oct  8 16:15:44 cambridge NetworkManager[893]: <info> Activation (eth0) Stage 2 of 5 (Device Configure) starting...
Oct  8 16:15:44 cambridge NetworkManager[893]: <info> (eth0): device state change: prepare -> config (reason 'none') [40 50 0]
Oct  8 16:15:44 cambridge NetworkManager[893]: <info> Activation (eth0) Stage 2 of 5 (Device Configure) successful.
Oct  8 16:15:44 cambridge whoopsie[1075]: offline
Oct  8 16:15:44 cambridge NetworkManager[893]: <info> Activation (eth0) Stage 3 of 5 (IP Configure Start) scheduled.
Oct  8 16:15:44 cambridge NetworkManager[893]: <info> Activation (eth0) Stage 2 of 5 (Device Configure) complete.
Oct  8 16:15:44 cambridge NetworkManager[893]: <info> Activation (eth0) Stage 3 of 5 (IP Configure Start) started...
Oct  8 16:15:44 cambridge NetworkManager[893]: <info> (eth0): device state change: config -> ip-config (reason 'none') [50 70 0]
Oct  8 16:15:44 cambridge NetworkManager[893]: <info> Activation (eth0) Beginning DHCPv4 transaction (timeout in 45 seconds)
Oct  8 16:15:44 cambridge postfix/master[1111]: daemon started -- version 2.10.2, configuration /etc/postfix
Oct  8 16:15:44 cambridge NetworkManager[893]: <info> dhclient started with pid 1131
Oct  8 16:15:44 cambridge NetworkManager[893]: <info> Activation (eth0) Beginning IP6 addrconf.
Oct  8 16:15:44 cambridge NetworkManager[893]: <info> Activation (eth0) Stage 3 of 5 (IP Configure Start) complete.
Oct  8 16:15:44 cambridge dhclient: Internet Systems Consortium DHCP Client 4.2.4
Oct  8 16:15:44 cambridge dhclient: Copyright 2004-2012 Internet Systems Consortium.
Oct  8 16:15:44 cambridge dhclient: All rights reserved.
Oct  8 16:15:44 cambridge dhclient: For info, please visit https://www.isc.org/software/dhcp/
Oct  8 16:15:44 cambridge dhclient: 
Oct  8 16:15:44 cambridge NetworkManager[893]: <info> (eth0): DHCPv4 state changed nbi -> preinit
Oct  8 16:15:44 cambridge dhclient: Listening on LPF/eth0/00:13:77:99:fe:aa
Oct  8 16:15:44 cambridge dhclient: Sending on   LPF/eth0/00:13:77:99:fe:aa
Oct  8 16:15:44 cambridge dhclient: Sending on   Socket/fallback
Oct  8 16:15:44 cambridge dhclient: DHCPDISCOVER on eth0 to 255.255.255.255 port 67 interval 3 (xid=0x58ff96c3)
Oct  8 16:15:45 cambridge dhclient: DHCPREQUEST of 10.55.26.127 on eth0 to 255.255.255.255 port 67 (xid=0x58ff96c3)
Oct  8 16:15:45 cambridge dhclient: DHCPOFFER of 10.55.26.127 from 10.55.26.20
Oct  8 16:15:45 cambridge dhclient: DHCPACK of 10.55.26.127 from 10.55.26.20
Oct  8 16:15:45 cambridge dhclient: bound to 10.55.26.127 -- renewal in 278 seconds.
Oct  8 16:15:45 cambridge NetworkManager[893]: <info> (eth0): DHCPv4 state changed preinit -> bound
Oct  8 16:15:45 cambridge NetworkManager[893]: <info>   address 10.55.26.127
